{
    "-profile test_single": {
        "content": [
            56,
            null,
            [
                "bbmap",
                "bbmap/logs",
                "bbmap/logs/s0.bbmap.log",
                "bbmap/logs/s1.bbmap.log",
                "bbmap/logs/s2.bbmap.log",
                "fastqc",
                "fastqc/s0_fastqc.html",
                "fastqc/s1_1_fastqc.html",
                "fastqc/s1_2_fastqc.html",
                "fastqc/s2_fastqc.html",
                "featurecounts",
                "featurecounts/s0.CDS.featureCounts.tsv",
                "featurecounts/s0.CDS.featureCounts.tsv.summary",
                "featurecounts/s0.rRNA.featureCounts.tsv",
                "featurecounts/s0.rRNA.featureCounts.tsv.summary",
                "featurecounts/s0.tRNA.featureCounts.tsv",
                "featurecounts/s0.tRNA.featureCounts.tsv.summary",
                "featurecounts/s0.tmRNA.featureCounts.tsv",
                "featurecounts/s0.tmRNA.featureCounts.tsv.summary",
                "featurecounts/s1.CDS.featureCounts.tsv",
                "featurecounts/s1.CDS.featureCounts.tsv.summary",
                "featurecounts/s1.rRNA.featureCounts.tsv",
                "featurecounts/s1.rRNA.featureCounts.tsv.summary",
                "featurecounts/s1.tRNA.featureCounts.tsv",
                "featurecounts/s1.tRNA.featureCounts.tsv.summary",
                "featurecounts/s1.tmRNA.featureCounts.tsv",
                "featurecounts/s1.tmRNA.featureCounts.tsv.summary",
                "featurecounts/s2.CDS.featureCounts.tsv",
                "featurecounts/s2.CDS.featureCounts.tsv.summary",
                "featurecounts/s2.rRNA.featureCounts.tsv",
                "featurecounts/s2.rRNA.featureCounts.tsv.summary",
                "featurecounts/s2.tRNA.featureCounts.tsv",
                "featurecounts/s2.tRNA.featureCounts.tsv.summary",
                "featurecounts/s2.tmRNA.featureCounts.tsv",
                "featurecounts/s2.tmRNA.featureCounts.tsv.summary",
                "multiqc",
                "multiqc/multiqc_data",
                "multiqc/multiqc_data/bbduk-filtered-barplot_Bases.txt",
                "multiqc/multiqc_data/bbduk-filtered-barplot_Reads.txt",
                "multiqc/multiqc_data/bbduk.txt",
                "multiqc/multiqc_data/cutadapt_filtered_reads_plot.txt",
                "multiqc/multiqc_data/cutadapt_trimmed_sequences_plot_3_Counts.txt",
                "multiqc/multiqc_data/cutadapt_trimmed_sequences_plot_3_Obs_Exp.txt",
                "multiqc/multiqc_data/fastqc-status-check-heatmap.txt",
                "multiqc/multiqc_data/fastqc_adapter_content_plot.txt",
                "multiqc/multiqc_data/fastqc_overrepresented_sequences_plot.txt",
                "multiqc/multiqc_data/fastqc_per_base_n_content_plot.txt",
                "multiqc/multiqc_data/fastqc_per_base_sequence_quality_plot.txt",
                "multiqc/multiqc_data/fastqc_per_sequence_gc_content_plot_Counts.txt",
                "multiqc/multiqc_data/fastqc_per_sequence_gc_content_plot_Percentages.txt",
                "multiqc/multiqc_data/fastqc_per_sequence_quality_scores_plot.txt",
                "multiqc/multiqc_data/fastqc_sequence_counts_plot.txt",
                "multiqc/multiqc_data/fastqc_sequence_duplication_levels_plot.txt",
                "multiqc/multiqc_data/fastqc_top_overrepresented_sequences_table.txt",
                "multiqc/multiqc_data/featureCounts_assignment_plot.txt",
                "multiqc/multiqc_data/llms-full.txt",
                "multiqc/multiqc_data/multiqc.log",
                "multiqc/multiqc_data/multiqc.parquet",
                "multiqc/multiqc_data/multiqc_citations.txt",
                "multiqc/multiqc_data/multiqc_cutadapt.txt",
                "multiqc/multiqc_data/multiqc_data.json",
                "multiqc/multiqc_data/multiqc_fastqc.txt",
                "multiqc/multiqc_data/multiqc_featurecounts.txt",
                "multiqc/multiqc_data/multiqc_general_stats.txt",
                "multiqc/multiqc_data/multiqc_samtools_flagstat.txt",
                "multiqc/multiqc_data/multiqc_samtools_idxstats.txt",
                "multiqc/multiqc_data/multiqc_samtools_stats.txt",
                "multiqc/multiqc_data/multiqc_software_versions.txt",
                "multiqc/multiqc_data/multiqc_sources.txt",
                "multiqc/multiqc_data/samtools-flagstat-pct-table.txt",
                "multiqc/multiqc_data/samtools-flagstat-table.txt",
                "multiqc/multiqc_data/samtools-idxstats-mapped-reads-plot_Normalised_Counts.txt",
                "multiqc/multiqc_data/samtools-idxstats-mapped-reads-plot_Observed_over_Expected_Counts.txt",
                "multiqc/multiqc_data/samtools-idxstats-mapped-reads-plot_Raw_Counts.txt",
                "multiqc/multiqc_data/samtools-stats-dp.txt",
                "multiqc/multiqc_data/samtools_alignment_plot.txt",
                "multiqc/multiqc_report.html",
                "pipeline_info",
                "samtools",
                "samtools/s0.flagstat",
                "samtools/s0.idxstats",
                "samtools/s0.stats",
                "samtools/s1.flagstat",
                "samtools/s1.idxstats",
                "samtools/s1.stats",
                "samtools/s2.flagstat",
                "samtools/s2.idxstats",
                "samtools/s2.stats",
                "summary_tables",
                "summary_tables/magmap.CDS.counts.tsv.gz",
                "summary_tables/magmap.genome_metadata.tsv.gz",
                "summary_tables/magmap.genomes2orfs.tsv.gz",
                "summary_tables/magmap.overall_stats.tsv.gz",
                "summary_tables/magmap.prokka-annotations.tsv.gz",
                "summary_tables/magmap.rRNA.counts.tsv.gz",
                "summary_tables/magmap.tRNA.counts.tsv.gz",
                "summary_tables/magmap.tmRNA.counts.tsv.gz",
                "trimgalore",
                "trimgalore/fastqc",
                "trimgalore/fastqc/s0_trimmed_fastqc.html",
                "trimgalore/fastqc/s1_1_val_1_fastqc.html",
                "trimgalore/fastqc/s1_2_val_2_fastqc.html",
                "trimgalore/fastqc/s2_trimmed_fastqc.html",
                "trimgalore/s0.fastq.gz_trimming_report.txt",
                "trimgalore/s1_1.fastq.gz_trimming_report.txt",
                "trimgalore/s1_2.fastq.gz_trimming_report.txt",
                "trimgalore/s2.fastq.gz_trimming_report.txt"
            ],
            [
                "bbduk-filtered-barplot_Bases.txt:md5,2e61aed9edc80377aec84b44885c4ef8",
                "bbduk-filtered-barplot_Reads.txt:md5,389e296c140475ca03e8829366ccbbd8",
                "bbduk.txt:md5,13e2d090c17388433b4f925f96767f26",
                "cutadapt_filtered_reads_plot.txt:md5,49ca44a6d24e3919b7d2390a2d4d9602",
                "cutadapt_trimmed_sequences_plot_3_Counts.txt:md5,31bfd03e0a7790ca31050c6864b64d6a",
                "cutadapt_trimmed_sequences_plot_3_Obs_Exp.txt:md5,f53ede5b6b0a181bd5ce268ec03e7a2c",
                "fastqc-status-check-heatmap.txt:md5,2f0bed7098b59dfa4896bab22338755d",
                "fastqc_adapter_content_plot.txt:md5,224119249bc9ecf1ba9e7ec50a37af84",
                "fastqc_overrepresented_sequences_plot.txt:md5,c25570a620f5f498ba4da2b4b9bc91d7",
                "fastqc_per_base_n_content_plot.txt:md5,afb6dfbdfa108d320fb7bba424504e83",
                "fastqc_per_base_sequence_quality_plot.txt:md5,eac495cd64e99df01bac246ba1de9378",
                "fastqc_per_sequence_gc_content_plot_Counts.txt:md5,5a304711db51c9a80ecda8fe95296b67",
                "fastqc_per_sequence_gc_content_plot_Percentages.txt:md5,7360a7ed748c6902161f5add94534447",
                "fastqc_per_sequence_quality_scores_plot.txt:md5,2ff746505114b2423eba6521a8e1a7ff",
                "fastqc_sequence_counts_plot.txt:md5,1674b45000bf5fabe8d185842f37a49a",
                "fastqc_sequence_duplication_levels_plot.txt:md5,c1ae1c1c47373b8414c27891062cd17e",
                "featureCounts_assignment_plot.txt:md5,e3f51ade0a09b785826b25eabf33ed3e",
                "multiqc_citations.txt:md5,4d643a8c42f203f85beaab8f35ba8a66",
                "multiqc_cutadapt.txt:md5,a09da6482ee108f49d17f6f339729ed3",
                "multiqc_fastqc.txt:md5,d3d590c5a64085d71256ee2c55e508c6",
                "multiqc_featurecounts.txt:md5,12aac4566cf1ec2879365a0bd43f465e",
                "multiqc_samtools_flagstat.txt:md5,443f9eac6da5fc8bae83ab4acf8b1b62",
                "multiqc_samtools_idxstats.txt:md5,1e656d1d141983d2f4d1b4dd034b7490",
                "multiqc_samtools_stats.txt:md5,2da396529aab47e54b5e76d5f5c81ab2",
                "samtools-flagstat-pct-table.txt:md5,f825c6af30d4b23dddefd375a9c1b848",
                "samtools-flagstat-table.txt:md5,bf2f24ecb9920e55362161d600b060de",
                "samtools-idxstats-mapped-reads-plot_Normalised_Counts.txt:md5,a8b733c6c34152680d37a5d20ba7c796",
                "samtools-idxstats-mapped-reads-plot_Observed_over_Expected_Counts.txt:md5,a8b733c6c34152680d37a5d20ba7c796",
                "samtools-idxstats-mapped-reads-plot_Raw_Counts.txt:md5,2a4558e01aaea58743148ad87ff3b30b",
                "samtools-stats-dp.txt:md5,324414d713ca0afed2a59900b08a154c",
                "samtools_alignment_plot.txt:md5,3d3fcf2ad65bd880166d775e9ee442c2"
            ],
            [
                "sample\tn_post_trimming\tn_non_contaminated\tidxs_n_mapped\tidxs_n_unmapped\tCDS\trRNA\ttRNA\ttmRNA"
            ],
            4,
            [
                "accno\torf\tchr\tstart\tend\tstrand\tlength\tsample\tcount\ttpm"
            ],
            [
                "accno\torf\tchr\tstart\tend\tstrand\tlength\tsample\tcount\ttpm"
            ],
            [
                "accno\torf\tchr\tstart\tend\tstrand\tlength\tsample\tcount\ttpm"
            ],
            [
                "accno\torf\tchr\tstart\tend\tstrand\tlength\tsample\tcount\ttpm"
            ],
            [
                "accno\tcheckm_completeness\tcheckm_contamination\tcheckm_strain_heterogeneity\tcontig_count\tgenome_size\tgtdb_genome_representative\tgtdb_representative\tgtdb_taxonomy\tsource\tpriority"
            ],
            [
                "GCA_002688505.1\tNA\tNA\tNA\tNA\tNA\tNA\tNA\tNA\tNA\tNA"
            ],
            [
                "accno\tgenome\torf"
            ],
            [
                "orf\tftype\tlength\tgene\tec_number\tcog\tproduct"
            ]
        ],
        "timestamp": "2026-05-13T15:43:26.082838919",
        "meta": {
            "nf-test": "0.9.5",
            "nextflow": "25.10.4"
        }
    }
}