{
    "-profile test_single": {
        "content": [
            55,
            null,
            [
                "bbmap",
                "bbmap/logs",
                "bbmap/logs/s0.bbmap.log",
                "bbmap/logs/s1.bbmap.log",
                "bbmap/logs/s2.bbmap.log",
                "fastqc",
                "fastqc/s0_fastqc.html",
                "fastqc/s1_1_fastqc.html",
                "fastqc/s1_2_fastqc.html",
                "fastqc/s2_fastqc.html",
                "featurecounts",
                "featurecounts/s0.CDS.featureCounts.tsv",
                "featurecounts/s0.CDS.featureCounts.tsv.summary",
                "featurecounts/s0.rRNA.featureCounts.tsv",
                "featurecounts/s0.rRNA.featureCounts.tsv.summary",
                "featurecounts/s0.tRNA.featureCounts.tsv",
                "featurecounts/s0.tRNA.featureCounts.tsv.summary",
                "featurecounts/s0.tmRNA.featureCounts.tsv",
                "featurecounts/s0.tmRNA.featureCounts.tsv.summary",
                "featurecounts/s1.CDS.featureCounts.tsv",
                "featurecounts/s1.CDS.featureCounts.tsv.summary",
                "featurecounts/s1.rRNA.featureCounts.tsv",
                "featurecounts/s1.rRNA.featureCounts.tsv.summary",
                "featurecounts/s1.tRNA.featureCounts.tsv",
                "featurecounts/s1.tRNA.featureCounts.tsv.summary",
                "featurecounts/s1.tmRNA.featureCounts.tsv",
                "featurecounts/s1.tmRNA.featureCounts.tsv.summary",
                "featurecounts/s2.CDS.featureCounts.tsv",
                "featurecounts/s2.CDS.featureCounts.tsv.summary",
                "featurecounts/s2.rRNA.featureCounts.tsv",
                "featurecounts/s2.rRNA.featureCounts.tsv.summary",
                "featurecounts/s2.tRNA.featureCounts.tsv",
                "featurecounts/s2.tRNA.featureCounts.tsv.summary",
                "featurecounts/s2.tmRNA.featureCounts.tsv",
                "featurecounts/s2.tmRNA.featureCounts.tsv.summary",
                "pipeline_info",
                "samtools",
                "samtools/s0.flagstat",
                "samtools/s0.idxstats",
                "samtools/s0.stats",
                "samtools/s1.flagstat",
                "samtools/s1.idxstats",
                "samtools/s1.stats",
                "samtools/s2.flagstat",
                "samtools/s2.idxstats",
                "samtools/s2.stats",
                "summary_tables",
                "summary_tables/magmap.CDS.counts.tsv.gz",
                "summary_tables/magmap.genome_metadata.tsv.gz",
                "summary_tables/magmap.genomes2orfs.tsv.gz",
                "summary_tables/magmap.overall_stats.tsv.gz",
                "summary_tables/magmap.prokka-annotations.tsv.gz",
                "summary_tables/magmap.rRNA.counts.tsv.gz",
                "summary_tables/magmap.tRNA.counts.tsv.gz",
                "summary_tables/magmap.tmRNA.counts.tsv.gz",
                "trimgalore",
                "trimgalore/fastqc",
                "trimgalore/fastqc/s0_trimmed_fastqc.html",
                "trimgalore/fastqc/s1_1_val_1_fastqc.html",
                "trimgalore/fastqc/s1_2_val_2_fastqc.html",
                "trimgalore/fastqc/s2_trimmed_fastqc.html",
                "trimgalore/s0.fastq.gz_trimming_report.txt",
                "trimgalore/s1_1.fastq.gz_trimming_report.txt",
                "trimgalore/s1_2.fastq.gz_trimming_report.txt",
                "trimgalore/s2.fastq.gz_trimming_report.txt"
            ],
            [
                
            ],
            [
                "sample\tn_post_trimming\tn_non_contaminated\tidxs_n_mapped\tidxs_n_unmapped\tCDS\trRNA\ttRNA\ttmRNA"
            ],
            4,
            [
                "accno\torf\tchr\tstart\tend\tstrand\tlength\tsample\tcount\ttpm"
            ],
            [
                "accno\torf\tchr\tstart\tend\tstrand\tlength\tsample\tcount\ttpm"
            ],
            [
                "accno\torf\tchr\tstart\tend\tstrand\tlength\tsample\tcount\ttpm"
            ],
            [
                "accno\torf\tchr\tstart\tend\tstrand\tlength\tsample\tcount\ttpm"
            ],
            [
                "accno\tcheckm_completeness\tcheckm_contamination\tcheckm_strain_heterogeneity\tcontig_count\tgenome_size\tgtdb_genome_representative\tgtdb_representative\tgtdb_taxonomy\tsource\tpriority"
            ],
            [
                "GCA_002688505.1\tNA\tNA\tNA\tNA\tNA\tNA\tNA\tNA\tNA\tNA"
            ],
            [
                "accno\tgenome\torf"
            ],
            [
                "orf\tftype\tlength\tgene\tec_number\tcog\tproduct"
            ]
        ],
        "timestamp": "2026-05-13T09:06:45.588362605",
        "meta": {
            "nf-test": "0.9.5",
            "nextflow": "25.10.4"
        }
    }
}