{
    "-profile test_sourmash_10genomes_sample": {
        "content": [
            81,
            {
                "BBMAP_ALIGN": {
                    "bbmap": 39.18
                },
                "BBMAP_INDEX": {
                    "bbmap": 39.18
                },
                "CATPROKKATSVS": {
                    "pigz": 2.8
                },
                "CAT_FNA": {
                    "pigz": 2.6
                },
                "CAT_GFF": {
                    "pigz": 2.6
                },
                "COLLECT_FEATURECOUNTS": {
                    "R": "4.3.1",
                    "dplyr": "1.1.4",
                    "dtplyr": "1.3.2",
                    "data.table": "1.17.8"
                },
                "COLLECT_STATS": {
                    "R": "4.3.1",
                    "dplyr": "1.1.4",
                    "readr": "2.1.5",
                    "purrr": "1.1.0",
                    "tidyr": "1.3.1",
                    "stringr": "1.5.2"
                },
                "FASTQC": {
                    "fastqc": "0.12.1"
                },
                "FEATURECOUNTS": {
                    "subread": "2.1.1"
                },
                "GATHER_REMOTE_GENOMES": {
                    "sourmash": "4.9.4"
                },
                "GENOMES2ORFS": {
                    "sed": 4.9
                },
                "SAMPLE_SKETCH": {
                    "sourmash": "4.9.4"
                },
                "SAMTOOLS_FLAGSTAT": {
                    "samtools": "1.23.1"
                },
                "SAMTOOLS_IDXSTATS": {
                    "samtools": "1.23.1"
                },
                "SAMTOOLS_INDEX": {
                    "samtools": "1.23.1"
                },
                "SAMTOOLS_SORT": {
                    "samtools": "1.23.1"
                },
                "SAMTOOLS_STATS": {
                    "samtools": "1.23.1"
                },
                "TIDYVERSE_JOINMETADATA": {
                    "R": "4.3.1",
                    "readr": "2.1.5",
                    "dplyr": "1.1.4",
                    "tidyr": "1.3.1",
                    "stringr": "1.5.2",
                    "purrr": "1.1.0"
                },
                "TRIMGALORE": {
                    "trimgalore": "2.1.0"
                },
                "Workflow": {
                    "nf-core/magmap": "v1.1.0"
                }
            },
            [
                "bbmap",
                "bbmap/logs",
                "bbmap/logs/sample00.bbmap.log",
                "bbmap/logs/sample01.bbmap.log",
                "bbmap/logs/sample02.bbmap.log",
                "bbmap/sample00.genomes.txt",
                "bbmap/sample01.genomes.txt",
                "bbmap/sample02.genomes.txt",
                "fastqc",
                "fastqc/sample00_1_fastqc.html",
                "fastqc/sample00_2_fastqc.html",
                "fastqc/sample01_1_fastqc.html",
                "fastqc/sample01_2_fastqc.html",
                "fastqc/sample02_1_fastqc.html",
                "fastqc/sample02_2_fastqc.html",
                "featurecounts",
                "featurecounts/sample00.CDS.featureCounts.tsv",
                "featurecounts/sample00.CDS.featureCounts.tsv.summary",
                "featurecounts/sample00.rRNA.featureCounts.tsv",
                "featurecounts/sample00.rRNA.featureCounts.tsv.summary",
                "featurecounts/sample00.tRNA.featureCounts.tsv",
                "featurecounts/sample00.tRNA.featureCounts.tsv.summary",
                "featurecounts/sample00.tmRNA.featureCounts.tsv",
                "featurecounts/sample00.tmRNA.featureCounts.tsv.summary",
                "featurecounts/sample01.CDS.featureCounts.tsv",
                "featurecounts/sample01.CDS.featureCounts.tsv.summary",
                "featurecounts/sample01.rRNA.featureCounts.tsv",
                "featurecounts/sample01.rRNA.featureCounts.tsv.summary",
                "featurecounts/sample01.tRNA.featureCounts.tsv",
                "featurecounts/sample01.tRNA.featureCounts.tsv.summary",
                "featurecounts/sample01.tmRNA.featureCounts.tsv",
                "featurecounts/sample01.tmRNA.featureCounts.tsv.summary",
                "featurecounts/sample02.CDS.featureCounts.tsv",
                "featurecounts/sample02.CDS.featureCounts.tsv.summary",
                "featurecounts/sample02.rRNA.featureCounts.tsv",
                "featurecounts/sample02.rRNA.featureCounts.tsv.summary",
                "featurecounts/sample02.tRNA.featureCounts.tsv",
                "featurecounts/sample02.tRNA.featureCounts.tsv.summary",
                "featurecounts/sample02.tmRNA.featureCounts.tsv",
                "featurecounts/sample02.tmRNA.featureCounts.tsv.summary",
                "multiqc",
                "multiqc/multiqc_data",
                "multiqc/multiqc_data/fastqc-status-check-heatmap.txt",
                "multiqc/multiqc_data/fastqc_adapter_content_plot.txt",
                "multiqc/multiqc_data/fastqc_overrepresented_sequences_plot.txt",
                "multiqc/multiqc_data/fastqc_per_base_n_content_plot.txt",
                "multiqc/multiqc_data/fastqc_per_base_sequence_quality_plot.txt",
                "multiqc/multiqc_data/fastqc_per_sequence_gc_content_plot_Counts.txt",
                "multiqc/multiqc_data/fastqc_per_sequence_gc_content_plot_Percentages.txt",
                "multiqc/multiqc_data/fastqc_per_sequence_quality_scores_plot.txt",
                "multiqc/multiqc_data/fastqc_sequence_counts_plot.txt",
                "multiqc/multiqc_data/fastqc_sequence_duplication_levels_plot.txt",
                "multiqc/multiqc_data/fastqc_top_overrepresented_sequences_table.txt",
                "multiqc/multiqc_data/featureCounts_assignment_plot.txt",
                "multiqc/multiqc_data/llms-full.txt",
                "multiqc/multiqc_data/multiqc.log",
                "multiqc/multiqc_data/multiqc.parquet",
                "multiqc/multiqc_data/multiqc_citations.txt",
                "multiqc/multiqc_data/multiqc_data.json",
                "multiqc/multiqc_data/multiqc_fastqc.txt",
                "multiqc/multiqc_data/multiqc_featurecounts.txt",
                "multiqc/multiqc_data/multiqc_general_stats.txt",
                "multiqc/multiqc_data/multiqc_software_versions.txt",
                "multiqc/multiqc_data/multiqc_sources.txt",
                "multiqc/multiqc_report.html",
                "pipeline_info",
                "pipeline_info/nf_core_magmap_software_mqc_versions.yml",
                "samtools",
                "samtools/sample00.flagstat",
                "samtools/sample00.idxstats",
                "samtools/sample00.stats",
                "samtools/sample01.flagstat",
                "samtools/sample01.idxstats",
                "samtools/sample01.stats",
                "samtools/sample02.flagstat",
                "samtools/sample02.idxstats",
                "samtools/sample02.stats",
                "sourmash",
                "sourmash/sample00.sig",
                "sourmash/sample00_remoteidx_00.csv.gz",
                "sourmash/sample00_remoteidx_00_matches.sig.zip",
                "sourmash/sample00_remoteidx_00_prefetch.csv.gz",
                "sourmash/sample00_remoteidx_00_prefetch.sig.zip",
                "sourmash/sample00_remoteidx_00_unassigned.sig.zip",
                "sourmash/sample01.sig",
                "sourmash/sample01_remoteidx_00.csv.gz",
                "sourmash/sample01_remoteidx_00_matches.sig.zip",
                "sourmash/sample01_remoteidx_00_prefetch.csv.gz",
                "sourmash/sample01_remoteidx_00_prefetch.sig.zip",
                "sourmash/sample01_remoteidx_00_unassigned.sig.zip",
                "sourmash/sample02.sig",
                "sourmash/sample02_remoteidx_00.csv.gz",
                "sourmash/sample02_remoteidx_00_matches.sig.zip",
                "sourmash/sample02_remoteidx_00_prefetch.csv.gz",
                "sourmash/sample02_remoteidx_00_prefetch.sig.zip",
                "sourmash/sample02_remoteidx_00_unassigned.sig.zip",
                "summary_tables",
                "summary_tables/magmap.CDS.counts.tsv.gz",
                "summary_tables/magmap.genome_metadata.tsv.gz",
                "summary_tables/magmap.genomes2orfs.tsv.gz",
                "summary_tables/magmap.overall_stats.tsv.gz",
                "summary_tables/magmap.prokka-annotations.tsv.gz",
                "summary_tables/magmap.rRNA.counts.tsv.gz",
                "summary_tables/magmap.tRNA.counts.tsv.gz",
                "summary_tables/magmap.tmRNA.counts.tsv.gz",
                "trimgalore",
                "trimgalore/fastqc",
                "trimgalore/fastqc/sample00_1_val_1_fastqc.html",
                "trimgalore/fastqc/sample00_2_val_2_fastqc.html",
                "trimgalore/fastqc/sample01_1_val_1_fastqc.html",
                "trimgalore/fastqc/sample01_2_val_2_fastqc.html",
                "trimgalore/fastqc/sample02_1_val_1_fastqc.html",
                "trimgalore/fastqc/sample02_2_val_2_fastqc.html",
                "trimgalore/sample00_1.fastq.gz_trimming_report.txt",
                "trimgalore/sample00_2.fastq.gz_trimming_report.txt",
                "trimgalore/sample01_1.fastq.gz_trimming_report.txt",
                "trimgalore/sample01_2.fastq.gz_trimming_report.txt",
                "trimgalore/sample02_1.fastq.gz_trimming_report.txt",
                "trimgalore/sample02_2.fastq.gz_trimming_report.txt"
            ],
            [
                "sample00.genomes.txt:md5,55518e9397cceb46473d6505ff8064cc",
                "sample01.genomes.txt:md5,efe94bfcd185bad35d8ca32c3445d5cb",
                "sample02.genomes.txt:md5,8c75a097d980fb8537901f35afbae9f7",
                "fastqc-status-check-heatmap.txt:md5,344da8c97d4ed37f448e5b47202dc98e",
                "fastqc_adapter_content_plot.txt:md5,fb5e53e3378e623469cd4731d98b0dc9",
                "fastqc_overrepresented_sequences_plot.txt:md5,630640fc9c3adeac8acdc79cc24b2371",
                "fastqc_per_base_n_content_plot.txt:md5,7089ffa5f2c2d8672baf6acfec24d0db",
                "fastqc_per_base_sequence_quality_plot.txt:md5,aeba6f06a1f211ef05960c710b87880a",
                "fastqc_per_sequence_gc_content_plot_Counts.txt:md5,f7ec72891eeed9570450e4f61ec89438",
                "fastqc_per_sequence_gc_content_plot_Percentages.txt:md5,5b643def483822c6fc1245d249541b7a",
                "fastqc_per_sequence_quality_scores_plot.txt:md5,9f1c78653eedbca89082772ad1fa5f15",
                "fastqc_sequence_counts_plot.txt:md5,158eb565dc36ad54421ee2f4998864c4",
                "fastqc_sequence_duplication_levels_plot.txt:md5,befdc7ff67735b509e273a28333a3ce4",
                "multiqc_citations.txt:md5,31ebda00f4c076224028ba5760113b5f",
                "multiqc_fastqc.txt:md5,41170b37b4c03e0f88fbd05fed77d739"
            ],
            [
                "sample\tn_post_trimming\tidxs_n_mapped\tidxs_n_unmapped\tCDS\trRNA\ttRNA"
            ],
            4,
            [
                "accno\torf\tchr\tstart\tend\tstrand\tlength\tsample\tcount\ttpm"
            ],
            [
                "GCA_025449695.1\tsample00",
                "GCA_025449695.1\tsample01",
                "GCA_025449695.1\tsample02",
                "GCA_028291545.1\tsample00",
                "GCA_028291545.1\tsample01",
                "GCA_028291545.1\tsample02",
                "GCA_036004205.1\tsample00",
                "GCA_036004205.1\tsample01",
                "GCA_036270055.1\tsample00",
                "GCA_036270055.1\tsample01",
                "GCA_036380955.1\tsample00",
                "GCA_036380955.1\tsample02",
                "GCA_041659285.1\tsample00",
                "GCA_041659285.1\tsample02",
                "GCA_934196075.1\tsample00",
                "GCA_944323475.1\tsample01",
                "GCF_010645065.1\tsample01",
                "GCF_010645065.1\tsample02",
                "GCF_964229035.1\tsample01"
            ],
            [
                "accno\torf\tchr\tstart\tend\tstrand\tlength\tsample\tcount\ttpm"
            ],
            [
                "accno\torf\tchr\tstart\tend\tstrand\tlength\tsample\tcount\ttpm"
            ],
            [
                "accno\tcheckm_completeness\tcheckm_contamination\tcheckm_strain_heterogeneity\tcontig_count\tgenome_size\tgtdb_genome_representative\tgtdb_representative\tgtdb_taxonomy\tsource\tpriority"
            ],
            [
                "GCA_025449695.1\tNA\tNA\tNA\tNA\tNA\tNA\tNA\tNA\tNA\tNA",
                "GCA_028291545.1\tNA\tNA\tNA\tNA\tNA\tNA\tNA\tNA\tNA\tNA",
                "GCA_036004205.1\tNA\tNA\tNA\tNA\tNA\tNA\tNA\tNA\tNA\tNA",
                "GCA_036270055.1\tNA\tNA\tNA\tNA\tNA\tNA\tNA\tNA\tNA\tNA",
                "GCA_036380955.1\tNA\tNA\tNA\tNA\tNA\tNA\tNA\tNA\tNA\tNA",
                "GCA_041659285.1\tNA\tNA\tNA\tNA\tNA\tNA\tNA\tNA\tNA\tNA",
                "GCA_934196075.1\tNA\tNA\tNA\tNA\tNA\tNA\tNA\tNA\tNA\tNA",
                "GCA_944323475.1\tNA\tNA\tNA\tNA\tNA\tNA\tNA\tNA\tNA\tNA"
            ],
            [
                "accno\tgenome\torf"
            ],
            [
                "orf\tftype\tlength\tgene\tec_number\tcog\tproduct"
            ]
        ],
        "timestamp": "2026-07-21T21:01:23.82228373",
        "meta": {
            "nf-test": "0.9.5",
            "nextflow": "26.04.4"
        }
    }
}