{
    "multiple indexes": {
        "content": [
            73,
            {
                "BBMAP_ALIGN": {
                    "bbmap": 39.18
                },
                "BBMAP_INDEX": {
                    "bbmap": 39.18
                },
                "CATPROKKATSVS": {
                    "pigz": 2.8
                },
                "CAT_FNA": {
                    "pigz": 2.6
                },
                "CAT_GFF": {
                    "pigz": 2.6
                },
                "CHECK_DUPLICATES": {
                    "zgrep": 1.5
                },
                "COLLECT_GENOMESELECTION": {
                    "R": "4.3.1",
                    "dplyr": "1.1.4",
                    "readr": "2.1.5",
                    "tidyr": "1.3.1",
                    "purrr": "1.1.0",
                    "stringr": "1.5.2"
                },
                "CUSTOM_COLLECTFEATURECOUNTS": {
                    "R": "4.5.3",
                    "dplyr": "1.2.1",
                    "readr": "2.2.0",
                    "stringr": "1.6.0",
                    "dtplyr": "1.3.3",
                    "data.table": "1.17.8"
                },
                "CUSTOM_COLLECTSTATS": {
                    "R": "4.3.1",
                    "dplyr": "1.1.4",
                    "readr": "2.1.5",
                    "purrr": "1.1.0",
                    "tidyr": "1.3.1",
                    "stringr": "1.5.2"
                },
                "FASTQC": {
                    "fastqc": "0.12.1"
                },
                "FEATURECOUNTS": {
                    "subread": "2.1.1"
                },
                "GATHER_REMOTE_GENOMES": {
                    "sourmash": "4.9.4"
                },
                "GATHER_USER_GENOMES": {
                    "sourmash": "4.9.4"
                },
                "GENOMES2ORFS": {
                    "sed": 4.9
                },
                "GENOME_INDEX": {
                    "sourmash": "4.9.4"
                },
                "GENOME_SKETCH": {
                    "sourmash": "4.9.4"
                },
                "PROKKAGFF2TSV": {
                    "R": "4.3.1",
                    "data.table": "1.17.8",
                    "dtplyr": "1.3.2",
                    "dplyr": "1.1.4",
                    "tidyr": "1.3.1",
                    "readr": "2.1.5"
                },
                "PROKKA_VERSION": {
                    "prokka": "1.15.6"
                },
                "SAMPLE_SKETCH": {
                    "sourmash": "4.9.4"
                },
                "SAMTOOLS_FLAGSTAT": {
                    "samtools": 1.24
                },
                "SAMTOOLS_IDXSTATS": {
                    "samtools": 1.24
                },
                "SAMTOOLS_INDEX": {
                    "samtools": 1.24
                },
                "SAMTOOLS_SORT": {
                    "samtools": 1.24
                },
                "SAMTOOLS_STATS": {
                    "samtools": 1.24
                },
                "TIDYVERSE_JOINFEATURECOUNTSACCNO": {
                    "R": "4.3.1",
                    "readr": "2.1.5",
                    "dplyr": "1.1.4"
                },
                "TIDYVERSE_JOINMETADATA": {
                    "R": "4.3.1",
                    "readr": "2.1.5",
                    "dplyr": "1.1.4",
                    "tidyr": "1.3.1",
                    "stringr": "1.5.2",
                    "purrr": "1.1.0"
                },
                "Workflow": {
                    "nf-core/magmap": "v1.3.0dev"
                }
            },
            [
                "bbmap",
                "bbmap/all.genomes.txt",
                "bbmap/logs",
                "bbmap/logs/arc00.bbmap.log",
                "bbmap/logs/arc01.bbmap.log",
                "bbmap/logs/arc02.bbmap.log",
                "fastqc",
                "fastqc/arc00_1_fastqc.html",
                "fastqc/arc00_2_fastqc.html",
                "fastqc/arc01_1_fastqc.html",
                "fastqc/arc01_2_fastqc.html",
                "fastqc/arc02_1_fastqc.html",
                "fastqc/arc02_2_fastqc.html",
                "featurecounts",
                "featurecounts/arc00.CDS.featureCounts.tsv",
                "featurecounts/arc00.CDS.featureCounts.tsv.summary",
                "featurecounts/arc00.rRNA.featureCounts.tsv",
                "featurecounts/arc00.rRNA.featureCounts.tsv.summary",
                "featurecounts/arc00.tRNA.featureCounts.tsv",
                "featurecounts/arc00.tRNA.featureCounts.tsv.summary",
                "featurecounts/arc01.CDS.featureCounts.tsv",
                "featurecounts/arc01.CDS.featureCounts.tsv.summary",
                "featurecounts/arc01.rRNA.featureCounts.tsv",
                "featurecounts/arc01.rRNA.featureCounts.tsv.summary",
                "featurecounts/arc01.tRNA.featureCounts.tsv",
                "featurecounts/arc01.tRNA.featureCounts.tsv.summary",
                "featurecounts/arc02.CDS.featureCounts.tsv",
                "featurecounts/arc02.CDS.featureCounts.tsv.summary",
                "featurecounts/arc02.rRNA.featureCounts.tsv",
                "featurecounts/arc02.rRNA.featureCounts.tsv.summary",
                "featurecounts/arc02.tRNA.featureCounts.tsv",
                "featurecounts/arc02.tRNA.featureCounts.tsv.summary",
                "multiqc",
                "multiqc/multiqc_data",
                "multiqc/multiqc_data/fastqc-status-check-heatmap.txt",
                "multiqc/multiqc_data/fastqc_per_base_n_content_plot.txt",
                "multiqc/multiqc_data/fastqc_per_base_sequence_quality_plot.txt",
                "multiqc/multiqc_data/fastqc_per_sequence_gc_content_plot_Counts.txt",
                "multiqc/multiqc_data/fastqc_per_sequence_gc_content_plot_Percentages.txt",
                "multiqc/multiqc_data/fastqc_per_sequence_quality_scores_plot.txt",
                "multiqc/multiqc_data/fastqc_sequence_counts_plot.txt",
                "multiqc/multiqc_data/fastqc_sequence_duplication_levels_plot.txt",
                "multiqc/multiqc_data/featureCounts_assignment_plot.txt",
                "multiqc/multiqc_data/llms-full.txt",
                "multiqc/multiqc_data/multiqc.log",
                "multiqc/multiqc_data/multiqc.parquet",
                "multiqc/multiqc_data/multiqc_citations.txt",
                "multiqc/multiqc_data/multiqc_data.json",
                "multiqc/multiqc_data/multiqc_fastqc.txt",
                "multiqc/multiqc_data/multiqc_featurecounts.txt",
                "multiqc/multiqc_data/multiqc_general_stats.txt",
                "multiqc/multiqc_data/multiqc_genome_selection.txt",
                "multiqc/multiqc_data/multiqc_software_versions.txt",
                "multiqc/multiqc_data/multiqc_sources.txt",
                "multiqc/multiqc_report.html",
                "pipeline_info",
                "pipeline_info/nf_core_magmap_software_mqc_versions.yml",
                "samtools",
                "samtools/arc00.flagstat",
                "samtools/arc00.idxstats",
                "samtools/arc00.stats",
                "samtools/arc01.flagstat",
                "samtools/arc01.idxstats",
                "samtools/arc01.stats",
                "samtools/arc02.flagstat",
                "samtools/arc02.idxstats",
                "samtools/arc02.stats",
                "sourmash",
                "sourmash/arc00_local-genomes.csv.gz",
                "sourmash/arc00_local-genomes_prefetch.csv.gz",
                "sourmash/arc00_remoteidx_00.csv.gz",
                "sourmash/arc00_remoteidx_00_prefetch.csv.gz",
                "sourmash/arc00_remoteidx_01.csv.gz",
                "sourmash/arc00_remoteidx_01_prefetch.csv.gz",
                "sourmash/arc01_local-genomes.csv.gz",
                "sourmash/arc01_local-genomes_prefetch.csv.gz",
                "sourmash/arc01_remoteidx_00.csv.gz",
                "sourmash/arc01_remoteidx_00_prefetch.csv.gz",
                "sourmash/arc01_remoteidx_01.csv.gz",
                "sourmash/arc01_remoteidx_01_prefetch.csv.gz",
                "sourmash/arc02_local-genomes.csv.gz",
                "sourmash/arc02_local-genomes_prefetch.csv.gz",
                "sourmash/arc02_remoteidx_00.csv.gz",
                "sourmash/arc02_remoteidx_00_prefetch.csv.gz",
                "sourmash/arc02_remoteidx_01.csv.gz",
                "sourmash/arc02_remoteidx_01_prefetch.csv.gz",
                "sourmash/magmap.sbt.zip",
                "summary_tables",
                "summary_tables/magmap.CDS.counts.tsv.gz",
                "summary_tables/magmap.genome_metadata.tsv.gz",
                "summary_tables/magmap.genome_selection.tsv.gz",
                "summary_tables/magmap.genomes2orfs.tsv.gz",
                "summary_tables/magmap.overall_stats.tsv.gz",
                "summary_tables/magmap.prokka-annotations.tsv.gz",
                "summary_tables/magmap.rRNA.counts.tsv.gz",
                "summary_tables/magmap.tRNA.counts.tsv.gz"
            ],
            [
                "all.genomes.txt:md5,490ddf3e5f47b0a3a6863f1fcfbf077c",
                "fastqc-status-check-heatmap.txt:md5,2d048bc683af06a44639099eb03dd92a",
                "fastqc_per_base_n_content_plot.txt:md5,644236c3a2aa8cac95222c0e60ae368d",
                "fastqc_per_base_sequence_quality_plot.txt:md5,ef731079bd4eba01607a016cc40b4310",
                "fastqc_per_sequence_gc_content_plot_Counts.txt:md5,e64e84094bab531e6a53e7ecd6a7fb31",
                "fastqc_per_sequence_gc_content_plot_Percentages.txt:md5,ca048e37585c17fce2f3a6ff0aafd72f",
                "fastqc_per_sequence_quality_scores_plot.txt:md5,34f453f7669f176b600b5d36e8a14c45",
                "fastqc_sequence_counts_plot.txt:md5,fcc421ee837b2303f872145c66a4792f",
                "fastqc_sequence_duplication_levels_plot.txt:md5,57427dfbeb25a085f516c1ee8c48e5d6",
                "multiqc_citations.txt:md5,31ebda00f4c076224028ba5760113b5f",
                "multiqc_fastqc.txt:md5,191ccf170e5f110119c395c54dae8845",
                "multiqc_genome_selection.txt:md5,4982d7c0ecad450a22b0ef6ff6674db2"
            ],
            [
                "sample\tn_post_trimming\tidxs_n_mapped\tidxs_n_unmapped\tCDS\trRNA\ttRNA"
            ],
            4,
            [
                "accno\torf\tchr\tstart\tend\tstrand\tlength\tsample\tcount\ttpm"
            ],
            [
                "accno\tcheckm_completeness\tcheckm_contamination\tcheckm_strain_heterogeneity\tcontig_count\tgenome_size\tgtdb_genome_representative\tgtdb_representative\tgtdb_taxonomy\tsource\tpriority"
            ],
            [
                "accno\tgenome\torf"
            ],
            [
                "orf\tftype\tlength\tgene\tec_number\tcog\tproduct"
            ]
        ],
        "timestamp": "2026-09-02T10:13:23.711711887",
        "meta": {
            "nf-test": "0.9.5",
            "nextflow": "26.04.6"
        }
    },
    "remote only, genomeset_mode: sample": {
        "content": [
            65,
            {
                "BBMAP_ALIGN": {
                    "bbmap": 39.18
                },
                "BBMAP_INDEX": {
                    "bbmap": 39.18
                },
                "CATPROKKATSVS": {
                    "pigz": 2.8
                },
                "CAT_FNA": {
                    "pigz": 2.6
                },
                "CAT_GFF": {
                    "pigz": 2.6
                },
                "COLLECT_GENOMESELECTION": {
                    "R": "4.3.1",
                    "dplyr": "1.1.4",
                    "readr": "2.1.5",
                    "tidyr": "1.3.1",
                    "purrr": "1.1.0",
                    "stringr": "1.5.2"
                },
                "CUSTOM_COLLECTFEATURECOUNTS": {
                    "R": "4.5.3",
                    "dplyr": "1.2.1",
                    "readr": "2.2.0",
                    "stringr": "1.6.0",
                    "dtplyr": "1.3.3",
                    "data.table": "1.17.8"
                },
                "CUSTOM_COLLECTSTATS": {
                    "R": "4.3.1",
                    "dplyr": "1.1.4",
                    "readr": "2.1.5",
                    "purrr": "1.1.0",
                    "tidyr": "1.3.1",
                    "stringr": "1.5.2"
                },
                "FASTQC": {
                    "fastqc": "0.12.1"
                },
                "FEATURECOUNTS": {
                    "subread": "2.1.1"
                },
                "GATHER_REMOTE_GENOMES": {
                    "sourmash": "4.9.4"
                },
                "GENOMES2ORFS": {
                    "sed": 4.9
                },
                "PROKKA_VERSION": {
                    "prokka": "1.15.6"
                },
                "SAMPLE_SKETCH": {
                    "sourmash": "4.9.4"
                },
                "SAMTOOLS_FLAGSTAT": {
                    "samtools": 1.24
                },
                "SAMTOOLS_IDXSTATS": {
                    "samtools": 1.24
                },
                "SAMTOOLS_INDEX": {
                    "samtools": 1.24
                },
                "SAMTOOLS_SORT": {
                    "samtools": 1.24
                },
                "SAMTOOLS_STATS": {
                    "samtools": 1.24
                },
                "TIDYVERSE_JOINFEATURECOUNTSACCNO": {
                    "R": "4.3.1",
                    "readr": "2.1.5",
                    "dplyr": "1.1.4"
                },
                "TIDYVERSE_JOINMETADATA": {
                    "R": "4.3.1",
                    "readr": "2.1.5",
                    "dplyr": "1.1.4",
                    "tidyr": "1.3.1",
                    "stringr": "1.5.2",
                    "purrr": "1.1.0"
                },
                "Workflow": {
                    "nf-core/magmap": "v1.3.0dev"
                }
            },
            [
                "bbmap",
                "bbmap/arc00.genomes.txt",
                "bbmap/arc01.genomes.txt",
                "bbmap/arc02.genomes.txt",
                "bbmap/logs",
                "bbmap/logs/arc00.bbmap.log",
                "bbmap/logs/arc01.bbmap.log",
                "bbmap/logs/arc02.bbmap.log",
                "fastqc",
                "fastqc/arc00_1_fastqc.html",
                "fastqc/arc00_2_fastqc.html",
                "fastqc/arc01_1_fastqc.html",
                "fastqc/arc01_2_fastqc.html",
                "fastqc/arc02_1_fastqc.html",
                "fastqc/arc02_2_fastqc.html",
                "featurecounts",
                "featurecounts/arc00.CDS.featureCounts.tsv",
                "featurecounts/arc00.CDS.featureCounts.tsv.summary",
                "featurecounts/arc00.rRNA.featureCounts.tsv",
                "featurecounts/arc00.rRNA.featureCounts.tsv.summary",
                "featurecounts/arc00.tRNA.featureCounts.tsv",
                "featurecounts/arc00.tRNA.featureCounts.tsv.summary",
                "featurecounts/arc01.CDS.featureCounts.tsv",
                "featurecounts/arc01.CDS.featureCounts.tsv.summary",
                "featurecounts/arc01.rRNA.featureCounts.tsv",
                "featurecounts/arc01.rRNA.featureCounts.tsv.summary",
                "featurecounts/arc01.tRNA.featureCounts.tsv",
                "featurecounts/arc01.tRNA.featureCounts.tsv.summary",
                "featurecounts/arc02.CDS.featureCounts.tsv",
                "featurecounts/arc02.CDS.featureCounts.tsv.summary",
                "featurecounts/arc02.rRNA.featureCounts.tsv",
                "featurecounts/arc02.rRNA.featureCounts.tsv.summary",
                "featurecounts/arc02.tRNA.featureCounts.tsv",
                "featurecounts/arc02.tRNA.featureCounts.tsv.summary",
                "multiqc",
                "multiqc/multiqc_data",
                "multiqc/multiqc_data/fastqc-status-check-heatmap.txt",
                "multiqc/multiqc_data/fastqc_per_base_n_content_plot.txt",
                "multiqc/multiqc_data/fastqc_per_base_sequence_quality_plot.txt",
                "multiqc/multiqc_data/fastqc_per_sequence_gc_content_plot_Counts.txt",
                "multiqc/multiqc_data/fastqc_per_sequence_gc_content_plot_Percentages.txt",
                "multiqc/multiqc_data/fastqc_per_sequence_quality_scores_plot.txt",
                "multiqc/multiqc_data/fastqc_sequence_counts_plot.txt",
                "multiqc/multiqc_data/fastqc_sequence_duplication_levels_plot.txt",
                "multiqc/multiqc_data/featureCounts_assignment_plot.txt",
                "multiqc/multiqc_data/llms-full.txt",
                "multiqc/multiqc_data/multiqc.log",
                "multiqc/multiqc_data/multiqc.parquet",
                "multiqc/multiqc_data/multiqc_citations.txt",
                "multiqc/multiqc_data/multiqc_data.json",
                "multiqc/multiqc_data/multiqc_fastqc.txt",
                "multiqc/multiqc_data/multiqc_featurecounts.txt",
                "multiqc/multiqc_data/multiqc_general_stats.txt",
                "multiqc/multiqc_data/multiqc_genome_selection.txt",
                "multiqc/multiqc_data/multiqc_software_versions.txt",
                "multiqc/multiqc_data/multiqc_sources.txt",
                "multiqc/multiqc_report.html",
                "pipeline_info",
                "pipeline_info/nf_core_magmap_software_mqc_versions.yml",
                "samtools",
                "samtools/arc00.flagstat",
                "samtools/arc00.idxstats",
                "samtools/arc00.stats",
                "samtools/arc01.flagstat",
                "samtools/arc01.idxstats",
                "samtools/arc01.stats",
                "samtools/arc02.flagstat",
                "samtools/arc02.idxstats",
                "samtools/arc02.stats",
                "sourmash",
                "sourmash/arc00_remoteidx_00.csv.gz",
                "sourmash/arc00_remoteidx_00_prefetch.csv.gz",
                "sourmash/arc01_remoteidx_00.csv.gz",
                "sourmash/arc01_remoteidx_00_prefetch.csv.gz",
                "sourmash/arc02_remoteidx_00.csv.gz",
                "sourmash/arc02_remoteidx_00_prefetch.csv.gz",
                "summary_tables",
                "summary_tables/magmap.CDS.counts.tsv.gz",
                "summary_tables/magmap.genome_metadata.tsv.gz",
                "summary_tables/magmap.genome_selection.tsv.gz",
                "summary_tables/magmap.genomes2orfs.tsv.gz",
                "summary_tables/magmap.overall_stats.tsv.gz",
                "summary_tables/magmap.prokka-annotations.tsv.gz",
                "summary_tables/magmap.rRNA.counts.tsv.gz",
                "summary_tables/magmap.tRNA.counts.tsv.gz"
            ],
            [
                "arc00.genomes.txt:md5,f67f8647d336ef62f8d26dbe162a1fdd",
                "arc01.genomes.txt:md5,a09e428c97fa6d6f3256c894becb3f39",
                "arc02.genomes.txt:md5,dcb37b5a2d352f1276b952e93f269ffa",
                "fastqc-status-check-heatmap.txt:md5,2d048bc683af06a44639099eb03dd92a",
                "fastqc_per_base_n_content_plot.txt:md5,644236c3a2aa8cac95222c0e60ae368d",
                "fastqc_per_base_sequence_quality_plot.txt:md5,ef731079bd4eba01607a016cc40b4310",
                "fastqc_per_sequence_gc_content_plot_Counts.txt:md5,e64e84094bab531e6a53e7ecd6a7fb31",
                "fastqc_per_sequence_gc_content_plot_Percentages.txt:md5,ca048e37585c17fce2f3a6ff0aafd72f",
                "fastqc_per_sequence_quality_scores_plot.txt:md5,34f453f7669f176b600b5d36e8a14c45",
                "fastqc_sequence_counts_plot.txt:md5,fcc421ee837b2303f872145c66a4792f",
                "fastqc_sequence_duplication_levels_plot.txt:md5,57427dfbeb25a085f516c1ee8c48e5d6",
                "multiqc_citations.txt:md5,31ebda00f4c076224028ba5760113b5f",
                "multiqc_fastqc.txt:md5,191ccf170e5f110119c395c54dae8845",
                "multiqc_genome_selection.txt:md5,3e9c9004b3067ba0cb71f8cd9b413ddd"
            ],
            [
                "sample\tn_post_trimming\tidxs_n_mapped\tidxs_n_unmapped\tCDS\trRNA\ttRNA"
            ],
            4,
            [
                "accno\torf\tchr\tstart\tend\tstrand\tlength\tsample\tcount\ttpm"
            ],
            [
                "GCF_000011125.1\tarc00",
                "GCF_000011125.1\tarc01",
                "GCF_022064045.1\tarc00",
                "GCF_022064045.1\tarc02",
                "GCF_030186535.1\tarc01",
                "GCF_030186535.1\tarc02"
            ],
            [
                "accno\tcheckm_completeness\tcheckm_contamination\tcheckm_strain_heterogeneity\tcontig_count\tgenome_size\tgtdb_genome_representative\tgtdb_representative\tgtdb_taxonomy\tsource\tpriority"
            ],
            [
                "accno\tgenome\torf"
            ],
            [
                "orf\tftype\tlength\tgene\tec_number\tcog\tproduct"
            ]
        ],
        "timestamp": "2026-09-02T10:01:58.004289994",
        "meta": {
            "nf-test": "0.9.5",
            "nextflow": "26.04.6"
        }
    },
    "local + remote, genomeset_mode: sample": {
        "content": [
            74,
            {
                "BBMAP_ALIGN": {
                    "bbmap": 39.18
                },
                "BBMAP_INDEX": {
                    "bbmap": 39.18
                },
                "CATPROKKATSVS": {
                    "pigz": 2.8
                },
                "CAT_FNA": {
                    "pigz": 2.6
                },
                "CAT_GFF": {
                    "pigz": 2.6
                },
                "CHECK_DUPLICATES": {
                    "zgrep": 1.5
                },
                "COLLECT_GENOMESELECTION": {
                    "R": "4.3.1",
                    "dplyr": "1.1.4",
                    "readr": "2.1.5",
                    "tidyr": "1.3.1",
                    "purrr": "1.1.0",
                    "stringr": "1.5.2"
                },
                "CUSTOM_COLLECTFEATURECOUNTS": {
                    "R": "4.5.3",
                    "dplyr": "1.2.1",
                    "readr": "2.2.0",
                    "stringr": "1.6.0",
                    "dtplyr": "1.3.3",
                    "data.table": "1.17.8"
                },
                "CUSTOM_COLLECTSTATS": {
                    "R": "4.3.1",
                    "dplyr": "1.1.4",
                    "readr": "2.1.5",
                    "purrr": "1.1.0",
                    "tidyr": "1.3.1",
                    "stringr": "1.5.2"
                },
                "FASTQC": {
                    "fastqc": "0.12.1"
                },
                "FEATURECOUNTS": {
                    "subread": "2.1.1"
                },
                "GATHER_REMOTE_GENOMES": {
                    "sourmash": "4.9.4"
                },
                "GATHER_USER_GENOMES": {
                    "sourmash": "4.9.4"
                },
                "GENOMES2ORFS": {
                    "sed": 4.9
                },
                "GENOME_INDEX": {
                    "sourmash": "4.9.4"
                },
                "GENOME_SKETCH": {
                    "sourmash": "4.9.4"
                },
                "PROKKAGFF2TSV": {
                    "R": "4.3.1",
                    "data.table": "1.17.8",
                    "dtplyr": "1.3.2",
                    "dplyr": "1.1.4",
                    "tidyr": "1.3.1",
                    "readr": "2.1.5"
                },
                "PROKKA_VERSION": {
                    "prokka": "1.15.6"
                },
                "SAMPLE_SKETCH": {
                    "sourmash": "4.9.4"
                },
                "SAMTOOLS_FLAGSTAT": {
                    "samtools": 1.24
                },
                "SAMTOOLS_IDXSTATS": {
                    "samtools": 1.24
                },
                "SAMTOOLS_INDEX": {
                    "samtools": 1.24
                },
                "SAMTOOLS_SORT": {
                    "samtools": 1.24
                },
                "SAMTOOLS_STATS": {
                    "samtools": 1.24
                },
                "TIDYVERSE_JOINFEATURECOUNTSACCNO": {
                    "R": "4.3.1",
                    "readr": "2.1.5",
                    "dplyr": "1.1.4"
                },
                "TIDYVERSE_JOINMETADATA": {
                    "R": "4.3.1",
                    "readr": "2.1.5",
                    "dplyr": "1.1.4",
                    "tidyr": "1.3.1",
                    "stringr": "1.5.2",
                    "purrr": "1.1.0"
                },
                "Workflow": {
                    "nf-core/magmap": "v1.3.0dev"
                }
            },
            [
                "bbmap",
                "bbmap/arc00.genomes.txt",
                "bbmap/arc01.genomes.txt",
                "bbmap/arc02.genomes.txt",
                "bbmap/logs",
                "bbmap/logs/arc00.bbmap.log",
                "bbmap/logs/arc01.bbmap.log",
                "bbmap/logs/arc02.bbmap.log",
                "fastqc",
                "fastqc/arc00_1_fastqc.html",
                "fastqc/arc00_2_fastqc.html",
                "fastqc/arc01_1_fastqc.html",
                "fastqc/arc01_2_fastqc.html",
                "fastqc/arc02_1_fastqc.html",
                "fastqc/arc02_2_fastqc.html",
                "featurecounts",
                "featurecounts/arc00.CDS.featureCounts.tsv",
                "featurecounts/arc00.CDS.featureCounts.tsv.summary",
                "featurecounts/arc00.rRNA.featureCounts.tsv",
                "featurecounts/arc00.rRNA.featureCounts.tsv.summary",
                "featurecounts/arc00.tRNA.featureCounts.tsv",
                "featurecounts/arc00.tRNA.featureCounts.tsv.summary",
                "featurecounts/arc01.CDS.featureCounts.tsv",
                "featurecounts/arc01.CDS.featureCounts.tsv.summary",
                "featurecounts/arc01.rRNA.featureCounts.tsv",
                "featurecounts/arc01.rRNA.featureCounts.tsv.summary",
                "featurecounts/arc01.tRNA.featureCounts.tsv",
                "featurecounts/arc01.tRNA.featureCounts.tsv.summary",
                "featurecounts/arc02.CDS.featureCounts.tsv",
                "featurecounts/arc02.CDS.featureCounts.tsv.summary",
                "featurecounts/arc02.rRNA.featureCounts.tsv",
                "featurecounts/arc02.rRNA.featureCounts.tsv.summary",
                "featurecounts/arc02.tRNA.featureCounts.tsv",
                "featurecounts/arc02.tRNA.featureCounts.tsv.summary",
                "multiqc",
                "multiqc/multiqc_data",
                "multiqc/multiqc_data/fastqc-status-check-heatmap.txt",
                "multiqc/multiqc_data/fastqc_per_base_n_content_plot.txt",
                "multiqc/multiqc_data/fastqc_per_base_sequence_quality_plot.txt",
                "multiqc/multiqc_data/fastqc_per_sequence_gc_content_plot_Counts.txt",
                "multiqc/multiqc_data/fastqc_per_sequence_gc_content_plot_Percentages.txt",
                "multiqc/multiqc_data/fastqc_per_sequence_quality_scores_plot.txt",
                "multiqc/multiqc_data/fastqc_sequence_counts_plot.txt",
                "multiqc/multiqc_data/fastqc_sequence_duplication_levels_plot.txt",
                "multiqc/multiqc_data/featureCounts_assignment_plot.txt",
                "multiqc/multiqc_data/llms-full.txt",
                "multiqc/multiqc_data/multiqc.log",
                "multiqc/multiqc_data/multiqc.parquet",
                "multiqc/multiqc_data/multiqc_citations.txt",
                "multiqc/multiqc_data/multiqc_data.json",
                "multiqc/multiqc_data/multiqc_fastqc.txt",
                "multiqc/multiqc_data/multiqc_featurecounts.txt",
                "multiqc/multiqc_data/multiqc_general_stats.txt",
                "multiqc/multiqc_data/multiqc_genome_selection.txt",
                "multiqc/multiqc_data/multiqc_software_versions.txt",
                "multiqc/multiqc_data/multiqc_sources.txt",
                "multiqc/multiqc_report.html",
                "pipeline_info",
                "pipeline_info/nf_core_magmap_software_mqc_versions.yml",
                "samtools",
                "samtools/arc00.flagstat",
                "samtools/arc00.idxstats",
                "samtools/arc00.stats",
                "samtools/arc01.flagstat",
                "samtools/arc01.idxstats",
                "samtools/arc01.stats",
                "samtools/arc02.flagstat",
                "samtools/arc02.idxstats",
                "samtools/arc02.stats",
                "sourmash",
                "sourmash/arc00_local-genomes.csv.gz",
                "sourmash/arc00_local-genomes_prefetch.csv.gz",
                "sourmash/arc00_remoteidx_00.csv.gz",
                "sourmash/arc00_remoteidx_00_prefetch.csv.gz",
                "sourmash/arc01_local-genomes.csv.gz",
                "sourmash/arc01_local-genomes_prefetch.csv.gz",
                "sourmash/arc01_remoteidx_00.csv.gz",
                "sourmash/arc01_remoteidx_00_prefetch.csv.gz",
                "sourmash/arc02_local-genomes.csv.gz",
                "sourmash/arc02_local-genomes_prefetch.csv.gz",
                "sourmash/arc02_remoteidx_00.csv.gz",
                "sourmash/arc02_remoteidx_00_prefetch.csv.gz",
                "sourmash/magmap.sbt.zip",
                "summary_tables",
                "summary_tables/magmap.CDS.counts.tsv.gz",
                "summary_tables/magmap.genome_metadata.tsv.gz",
                "summary_tables/magmap.genome_selection.tsv.gz",
                "summary_tables/magmap.genomes2orfs.tsv.gz",
                "summary_tables/magmap.overall_stats.tsv.gz",
                "summary_tables/magmap.prokka-annotations.tsv.gz",
                "summary_tables/magmap.rRNA.counts.tsv.gz",
                "summary_tables/magmap.tRNA.counts.tsv.gz"
            ],
            [
                "arc00.genomes.txt:md5,2d20626da3e56e7f41c8ed13617781b3",
                "arc01.genomes.txt:md5,775c4b1392064c7a55181061312b8dd7",
                "arc02.genomes.txt:md5,db3be4a7930d51e5c636de7da06d600d",
                "fastqc-status-check-heatmap.txt:md5,2d048bc683af06a44639099eb03dd92a",
                "fastqc_per_base_n_content_plot.txt:md5,644236c3a2aa8cac95222c0e60ae368d",
                "fastqc_per_base_sequence_quality_plot.txt:md5,ef731079bd4eba01607a016cc40b4310",
                "fastqc_per_sequence_gc_content_plot_Counts.txt:md5,e64e84094bab531e6a53e7ecd6a7fb31",
                "fastqc_per_sequence_gc_content_plot_Percentages.txt:md5,ca048e37585c17fce2f3a6ff0aafd72f",
                "fastqc_per_sequence_quality_scores_plot.txt:md5,34f453f7669f176b600b5d36e8a14c45",
                "fastqc_sequence_counts_plot.txt:md5,fcc421ee837b2303f872145c66a4792f",
                "fastqc_sequence_duplication_levels_plot.txt:md5,57427dfbeb25a085f516c1ee8c48e5d6",
                "multiqc_citations.txt:md5,31ebda00f4c076224028ba5760113b5f",
                "multiqc_fastqc.txt:md5,191ccf170e5f110119c395c54dae8845",
                "multiqc_genome_selection.txt:md5,8d48a2d118da88f40cb8b2be711290d9"
            ],
            [
                "sample\tn_post_trimming\tidxs_n_mapped\tidxs_n_unmapped\tCDS\trRNA\ttRNA"
            ],
            4,
            [
                "accno\torf\tchr\tstart\tend\tstrand\tlength\tsample\tcount\ttpm"
            ],
            [
                [
                    "GCF_000011125.1",
                    "GCF_022064045.1",
                    "local_GCA_023269755.1",
                    "local_GCF_004323575.1"
                ],
                [
                    "GCF_000011125.1",
                    "GCF_030186535.1",
                    "local_GCA_023269755.1",
                    "local_GCF_004323575.1"
                ],
                [
                    "GCF_022064045.1",
                    "GCF_030186535.1",
                    "local_GCA_023269755.1",
                    "local_GCF_004323575.1"
                ]
            ],
            [
                "accno\tcheckm_completeness\tcheckm_contamination\tcheckm_strain_heterogeneity\tcontig_count\tgenome_size\tgtdb_genome_representative\tgtdb_representative\tgtdb_taxonomy\tsource\tpriority"
            ],
            [
                
            ],
            [
                "accno\tgenome\torf"
            ],
            [
                "orf\tftype\tlength\tgene\tec_number\tcog\tproduct"
            ]
        ],
        "timestamp": "2026-09-02T08:30:35.302004215",
        "meta": {
            "nf-test": "0.9.5",
            "nextflow": "26.04.6"
        }
    },
    "local + remote": {
        "content": [
            70,
            {
                "BBMAP_ALIGN": {
                    "bbmap": 39.18
                },
                "BBMAP_INDEX": {
                    "bbmap": 39.18
                },
                "CATPROKKATSVS": {
                    "pigz": 2.8
                },
                "CAT_FNA": {
                    "pigz": 2.6
                },
                "CAT_GFF": {
                    "pigz": 2.6
                },
                "CHECK_DUPLICATES": {
                    "zgrep": 1.5
                },
                "COLLECT_GENOMESELECTION": {
                    "R": "4.3.1",
                    "dplyr": "1.1.4",
                    "readr": "2.1.5",
                    "tidyr": "1.3.1",
                    "purrr": "1.1.0",
                    "stringr": "1.5.2"
                },
                "CUSTOM_COLLECTFEATURECOUNTS": {
                    "R": "4.5.3",
                    "dplyr": "1.2.1",
                    "readr": "2.2.0",
                    "stringr": "1.6.0",
                    "dtplyr": "1.3.3",
                    "data.table": "1.17.8"
                },
                "CUSTOM_COLLECTSTATS": {
                    "R": "4.3.1",
                    "dplyr": "1.1.4",
                    "readr": "2.1.5",
                    "purrr": "1.1.0",
                    "tidyr": "1.3.1",
                    "stringr": "1.5.2"
                },
                "FASTQC": {
                    "fastqc": "0.12.1"
                },
                "FEATURECOUNTS": {
                    "subread": "2.1.1"
                },
                "GATHER_REMOTE_GENOMES": {
                    "sourmash": "4.9.4"
                },
                "GATHER_USER_GENOMES": {
                    "sourmash": "4.9.4"
                },
                "GENOMES2ORFS": {
                    "sed": 4.9
                },
                "GENOME_INDEX": {
                    "sourmash": "4.9.4"
                },
                "GENOME_SKETCH": {
                    "sourmash": "4.9.4"
                },
                "PROKKAGFF2TSV": {
                    "R": "4.3.1",
                    "data.table": "1.17.8",
                    "dtplyr": "1.3.2",
                    "dplyr": "1.1.4",
                    "tidyr": "1.3.1",
                    "readr": "2.1.5"
                },
                "PROKKA_VERSION": {
                    "prokka": "1.15.6"
                },
                "SAMPLE_SKETCH": {
                    "sourmash": "4.9.4"
                },
                "SAMTOOLS_FLAGSTAT": {
                    "samtools": 1.24
                },
                "SAMTOOLS_IDXSTATS": {
                    "samtools": 1.24
                },
                "SAMTOOLS_INDEX": {
                    "samtools": 1.24
                },
                "SAMTOOLS_SORT": {
                    "samtools": 1.24
                },
                "SAMTOOLS_STATS": {
                    "samtools": 1.24
                },
                "TIDYVERSE_JOINFEATURECOUNTSACCNO": {
                    "R": "4.3.1",
                    "readr": "2.1.5",
                    "dplyr": "1.1.4"
                },
                "TIDYVERSE_JOINMETADATA": {
                    "R": "4.3.1",
                    "readr": "2.1.5",
                    "dplyr": "1.1.4",
                    "tidyr": "1.3.1",
                    "stringr": "1.5.2",
                    "purrr": "1.1.0"
                },
                "Workflow": {
                    "nf-core/magmap": "v1.3.0dev"
                }
            },
            [
                "bbmap",
                "bbmap/all.genomes.txt",
                "bbmap/logs",
                "bbmap/logs/arc00.bbmap.log",
                "bbmap/logs/arc01.bbmap.log",
                "bbmap/logs/arc02.bbmap.log",
                "fastqc",
                "fastqc/arc00_1_fastqc.html",
                "fastqc/arc00_2_fastqc.html",
                "fastqc/arc01_1_fastqc.html",
                "fastqc/arc01_2_fastqc.html",
                "fastqc/arc02_1_fastqc.html",
                "fastqc/arc02_2_fastqc.html",
                "featurecounts",
                "featurecounts/arc00.CDS.featureCounts.tsv",
                "featurecounts/arc00.CDS.featureCounts.tsv.summary",
                "featurecounts/arc00.rRNA.featureCounts.tsv",
                "featurecounts/arc00.rRNA.featureCounts.tsv.summary",
                "featurecounts/arc00.tRNA.featureCounts.tsv",
                "featurecounts/arc00.tRNA.featureCounts.tsv.summary",
                "featurecounts/arc01.CDS.featureCounts.tsv",
                "featurecounts/arc01.CDS.featureCounts.tsv.summary",
                "featurecounts/arc01.rRNA.featureCounts.tsv",
                "featurecounts/arc01.rRNA.featureCounts.tsv.summary",
                "featurecounts/arc01.tRNA.featureCounts.tsv",
                "featurecounts/arc01.tRNA.featureCounts.tsv.summary",
                "featurecounts/arc02.CDS.featureCounts.tsv",
                "featurecounts/arc02.CDS.featureCounts.tsv.summary",
                "featurecounts/arc02.rRNA.featureCounts.tsv",
                "featurecounts/arc02.rRNA.featureCounts.tsv.summary",
                "featurecounts/arc02.tRNA.featureCounts.tsv",
                "featurecounts/arc02.tRNA.featureCounts.tsv.summary",
                "multiqc",
                "multiqc/multiqc_data",
                "multiqc/multiqc_data/fastqc-status-check-heatmap.txt",
                "multiqc/multiqc_data/fastqc_per_base_n_content_plot.txt",
                "multiqc/multiqc_data/fastqc_per_base_sequence_quality_plot.txt",
                "multiqc/multiqc_data/fastqc_per_sequence_gc_content_plot_Counts.txt",
                "multiqc/multiqc_data/fastqc_per_sequence_gc_content_plot_Percentages.txt",
                "multiqc/multiqc_data/fastqc_per_sequence_quality_scores_plot.txt",
                "multiqc/multiqc_data/fastqc_sequence_counts_plot.txt",
                "multiqc/multiqc_data/fastqc_sequence_duplication_levels_plot.txt",
                "multiqc/multiqc_data/featureCounts_assignment_plot.txt",
                "multiqc/multiqc_data/llms-full.txt",
                "multiqc/multiqc_data/multiqc.log",
                "multiqc/multiqc_data/multiqc.parquet",
                "multiqc/multiqc_data/multiqc_citations.txt",
                "multiqc/multiqc_data/multiqc_data.json",
                "multiqc/multiqc_data/multiqc_fastqc.txt",
                "multiqc/multiqc_data/multiqc_featurecounts.txt",
                "multiqc/multiqc_data/multiqc_general_stats.txt",
                "multiqc/multiqc_data/multiqc_genome_selection.txt",
                "multiqc/multiqc_data/multiqc_software_versions.txt",
                "multiqc/multiqc_data/multiqc_sources.txt",
                "multiqc/multiqc_report.html",
                "pipeline_info",
                "pipeline_info/nf_core_magmap_software_mqc_versions.yml",
                "samtools",
                "samtools/arc00.flagstat",
                "samtools/arc00.idxstats",
                "samtools/arc00.stats",
                "samtools/arc01.flagstat",
                "samtools/arc01.idxstats",
                "samtools/arc01.stats",
                "samtools/arc02.flagstat",
                "samtools/arc02.idxstats",
                "samtools/arc02.stats",
                "sourmash",
                "sourmash/arc00_local-genomes.csv.gz",
                "sourmash/arc00_local-genomes_prefetch.csv.gz",
                "sourmash/arc00_remoteidx_00.csv.gz",
                "sourmash/arc00_remoteidx_00_prefetch.csv.gz",
                "sourmash/arc01_local-genomes.csv.gz",
                "sourmash/arc01_local-genomes_prefetch.csv.gz",
                "sourmash/arc01_remoteidx_00.csv.gz",
                "sourmash/arc01_remoteidx_00_prefetch.csv.gz",
                "sourmash/arc02_local-genomes.csv.gz",
                "sourmash/arc02_local-genomes_prefetch.csv.gz",
                "sourmash/arc02_remoteidx_00.csv.gz",
                "sourmash/arc02_remoteidx_00_prefetch.csv.gz",
                "sourmash/magmap.sbt.zip",
                "summary_tables",
                "summary_tables/magmap.CDS.counts.tsv.gz",
                "summary_tables/magmap.genome_metadata.tsv.gz",
                "summary_tables/magmap.genome_selection.tsv.gz",
                "summary_tables/magmap.genomes2orfs.tsv.gz",
                "summary_tables/magmap.overall_stats.tsv.gz",
                "summary_tables/magmap.prokka-annotations.tsv.gz",
                "summary_tables/magmap.rRNA.counts.tsv.gz",
                "summary_tables/magmap.tRNA.counts.tsv.gz"
            ],
            [
                "all.genomes.txt:md5,490ddf3e5f47b0a3a6863f1fcfbf077c",
                "fastqc-status-check-heatmap.txt:md5,2d048bc683af06a44639099eb03dd92a",
                "fastqc_per_base_n_content_plot.txt:md5,644236c3a2aa8cac95222c0e60ae368d",
                "fastqc_per_base_sequence_quality_plot.txt:md5,ef731079bd4eba01607a016cc40b4310",
                "fastqc_per_sequence_gc_content_plot_Counts.txt:md5,e64e84094bab531e6a53e7ecd6a7fb31",
                "fastqc_per_sequence_gc_content_plot_Percentages.txt:md5,ca048e37585c17fce2f3a6ff0aafd72f",
                "fastqc_per_sequence_quality_scores_plot.txt:md5,34f453f7669f176b600b5d36e8a14c45",
                "fastqc_sequence_counts_plot.txt:md5,fcc421ee837b2303f872145c66a4792f",
                "fastqc_sequence_duplication_levels_plot.txt:md5,57427dfbeb25a085f516c1ee8c48e5d6",
                "multiqc_citations.txt:md5,31ebda00f4c076224028ba5760113b5f",
                "multiqc_fastqc.txt:md5,191ccf170e5f110119c395c54dae8845",
                "multiqc_genome_selection.txt:md5,4982d7c0ecad450a22b0ef6ff6674db2"
            ],
            [
                "sample\tn_post_trimming\tidxs_n_mapped\tidxs_n_unmapped\tCDS\trRNA\ttRNA"
            ],
            4,
            [
                "accno\torf\tchr\tstart\tend\tstrand\tlength\tsample\tcount\ttpm"
            ],
            [
                "accno\tcheckm_completeness\tcheckm_contamination\tcheckm_strain_heterogeneity\tcontig_count\tgenome_size\tgtdb_genome_representative\tgtdb_representative\tgtdb_taxonomy\tsource\tpriority"
            ],
            [
                
            ],
            [
                "accno\tgenome\torf"
            ],
            [
                "orf\tftype\tlength\tgene\tec_number\tcog\tproduct"
            ]
        ],
        "timestamp": "2026-09-02T08:21:51.20602622",
        "meta": {
            "nf-test": "0.9.5",
            "nextflow": "26.04.6"
        }
    },
    "remote only": {
        "content": [
            61,
            {
                "BBMAP_ALIGN": {
                    "bbmap": 39.18
                },
                "BBMAP_INDEX": {
                    "bbmap": 39.18
                },
                "CATPROKKATSVS": {
                    "pigz": 2.8
                },
                "CAT_FNA": {
                    "pigz": 2.6
                },
                "CAT_GFF": {
                    "pigz": 2.6
                },
                "COLLECT_GENOMESELECTION": {
                    "R": "4.3.1",
                    "dplyr": "1.1.4",
                    "readr": "2.1.5",
                    "tidyr": "1.3.1",
                    "purrr": "1.1.0",
                    "stringr": "1.5.2"
                },
                "CUSTOM_COLLECTFEATURECOUNTS": {
                    "R": "4.5.3",
                    "dplyr": "1.2.1",
                    "readr": "2.2.0",
                    "stringr": "1.6.0",
                    "dtplyr": "1.3.3",
                    "data.table": "1.17.8"
                },
                "CUSTOM_COLLECTSTATS": {
                    "R": "4.3.1",
                    "dplyr": "1.1.4",
                    "readr": "2.1.5",
                    "purrr": "1.1.0",
                    "tidyr": "1.3.1",
                    "stringr": "1.5.2"
                },
                "FASTQC": {
                    "fastqc": "0.12.1"
                },
                "FEATURECOUNTS": {
                    "subread": "2.1.1"
                },
                "GATHER_REMOTE_GENOMES": {
                    "sourmash": "4.9.4"
                },
                "GENOMES2ORFS": {
                    "sed": 4.9
                },
                "PROKKA_VERSION": {
                    "prokka": "1.15.6"
                },
                "SAMPLE_SKETCH": {
                    "sourmash": "4.9.4"
                },
                "SAMTOOLS_FLAGSTAT": {
                    "samtools": 1.24
                },
                "SAMTOOLS_IDXSTATS": {
                    "samtools": 1.24
                },
                "SAMTOOLS_INDEX": {
                    "samtools": 1.24
                },
                "SAMTOOLS_SORT": {
                    "samtools": 1.24
                },
                "SAMTOOLS_STATS": {
                    "samtools": 1.24
                },
                "TIDYVERSE_JOINFEATURECOUNTSACCNO": {
                    "R": "4.3.1",
                    "readr": "2.1.5",
                    "dplyr": "1.1.4"
                },
                "TIDYVERSE_JOINMETADATA": {
                    "R": "4.3.1",
                    "readr": "2.1.5",
                    "dplyr": "1.1.4",
                    "tidyr": "1.3.1",
                    "stringr": "1.5.2",
                    "purrr": "1.1.0"
                },
                "Workflow": {
                    "nf-core/magmap": "v1.3.0dev"
                }
            },
            [
                "bbmap",
                "bbmap/all.genomes.txt",
                "bbmap/logs",
                "bbmap/logs/arc00.bbmap.log",
                "bbmap/logs/arc01.bbmap.log",
                "bbmap/logs/arc02.bbmap.log",
                "fastqc",
                "fastqc/arc00_1_fastqc.html",
                "fastqc/arc00_2_fastqc.html",
                "fastqc/arc01_1_fastqc.html",
                "fastqc/arc01_2_fastqc.html",
                "fastqc/arc02_1_fastqc.html",
                "fastqc/arc02_2_fastqc.html",
                "featurecounts",
                "featurecounts/arc00.CDS.featureCounts.tsv",
                "featurecounts/arc00.CDS.featureCounts.tsv.summary",
                "featurecounts/arc00.rRNA.featureCounts.tsv",
                "featurecounts/arc00.rRNA.featureCounts.tsv.summary",
                "featurecounts/arc00.tRNA.featureCounts.tsv",
                "featurecounts/arc00.tRNA.featureCounts.tsv.summary",
                "featurecounts/arc01.CDS.featureCounts.tsv",
                "featurecounts/arc01.CDS.featureCounts.tsv.summary",
                "featurecounts/arc01.rRNA.featureCounts.tsv",
                "featurecounts/arc01.rRNA.featureCounts.tsv.summary",
                "featurecounts/arc01.tRNA.featureCounts.tsv",
                "featurecounts/arc01.tRNA.featureCounts.tsv.summary",
                "featurecounts/arc02.CDS.featureCounts.tsv",
                "featurecounts/arc02.CDS.featureCounts.tsv.summary",
                "featurecounts/arc02.rRNA.featureCounts.tsv",
                "featurecounts/arc02.rRNA.featureCounts.tsv.summary",
                "featurecounts/arc02.tRNA.featureCounts.tsv",
                "featurecounts/arc02.tRNA.featureCounts.tsv.summary",
                "multiqc",
                "multiqc/multiqc_data",
                "multiqc/multiqc_data/fastqc-status-check-heatmap.txt",
                "multiqc/multiqc_data/fastqc_per_base_n_content_plot.txt",
                "multiqc/multiqc_data/fastqc_per_base_sequence_quality_plot.txt",
                "multiqc/multiqc_data/fastqc_per_sequence_gc_content_plot_Counts.txt",
                "multiqc/multiqc_data/fastqc_per_sequence_gc_content_plot_Percentages.txt",
                "multiqc/multiqc_data/fastqc_per_sequence_quality_scores_plot.txt",
                "multiqc/multiqc_data/fastqc_sequence_counts_plot.txt",
                "multiqc/multiqc_data/fastqc_sequence_duplication_levels_plot.txt",
                "multiqc/multiqc_data/featureCounts_assignment_plot.txt",
                "multiqc/multiqc_data/llms-full.txt",
                "multiqc/multiqc_data/multiqc.log",
                "multiqc/multiqc_data/multiqc.parquet",
                "multiqc/multiqc_data/multiqc_citations.txt",
                "multiqc/multiqc_data/multiqc_data.json",
                "multiqc/multiqc_data/multiqc_fastqc.txt",
                "multiqc/multiqc_data/multiqc_featurecounts.txt",
                "multiqc/multiqc_data/multiqc_general_stats.txt",
                "multiqc/multiqc_data/multiqc_genome_selection.txt",
                "multiqc/multiqc_data/multiqc_software_versions.txt",
                "multiqc/multiqc_data/multiqc_sources.txt",
                "multiqc/multiqc_report.html",
                "pipeline_info",
                "pipeline_info/nf_core_magmap_software_mqc_versions.yml",
                "samtools",
                "samtools/arc00.flagstat",
                "samtools/arc00.idxstats",
                "samtools/arc00.stats",
                "samtools/arc01.flagstat",
                "samtools/arc01.idxstats",
                "samtools/arc01.stats",
                "samtools/arc02.flagstat",
                "samtools/arc02.idxstats",
                "samtools/arc02.stats",
                "sourmash",
                "sourmash/arc00_remoteidx_00.csv.gz",
                "sourmash/arc00_remoteidx_00_prefetch.csv.gz",
                "sourmash/arc01_remoteidx_00.csv.gz",
                "sourmash/arc01_remoteidx_00_prefetch.csv.gz",
                "sourmash/arc02_remoteidx_00.csv.gz",
                "sourmash/arc02_remoteidx_00_prefetch.csv.gz",
                "summary_tables",
                "summary_tables/magmap.CDS.counts.tsv.gz",
                "summary_tables/magmap.genome_metadata.tsv.gz",
                "summary_tables/magmap.genome_selection.tsv.gz",
                "summary_tables/magmap.genomes2orfs.tsv.gz",
                "summary_tables/magmap.overall_stats.tsv.gz",
                "summary_tables/magmap.prokka-annotations.tsv.gz",
                "summary_tables/magmap.rRNA.counts.tsv.gz",
                "summary_tables/magmap.tRNA.counts.tsv.gz"
            ],
            [
                "all.genomes.txt:md5,59212416cfaf722dad2e0fb30852298f",
                "fastqc-status-check-heatmap.txt:md5,2d048bc683af06a44639099eb03dd92a",
                "fastqc_per_base_n_content_plot.txt:md5,644236c3a2aa8cac95222c0e60ae368d",
                "fastqc_per_base_sequence_quality_plot.txt:md5,ef731079bd4eba01607a016cc40b4310",
                "fastqc_per_sequence_gc_content_plot_Counts.txt:md5,e64e84094bab531e6a53e7ecd6a7fb31",
                "fastqc_per_sequence_gc_content_plot_Percentages.txt:md5,ca048e37585c17fce2f3a6ff0aafd72f",
                "fastqc_per_sequence_quality_scores_plot.txt:md5,34f453f7669f176b600b5d36e8a14c45",
                "fastqc_sequence_counts_plot.txt:md5,fcc421ee837b2303f872145c66a4792f",
                "fastqc_sequence_duplication_levels_plot.txt:md5,57427dfbeb25a085f516c1ee8c48e5d6",
                "multiqc_citations.txt:md5,31ebda00f4c076224028ba5760113b5f",
                "multiqc_fastqc.txt:md5,191ccf170e5f110119c395c54dae8845",
                "multiqc_genome_selection.txt:md5,9c60cc58c7947ca4b3ea3ecdf576566c"
            ],
            [
                "sample\tn_post_trimming\tidxs_n_mapped\tidxs_n_unmapped\tCDS\trRNA\ttRNA"
            ],
            4,
            [
                "accno\torf\tchr\tstart\tend\tstrand\tlength\tsample\tcount\ttpm"
            ],
            [
                "accno\tcheckm_completeness\tcheckm_contamination\tcheckm_strain_heterogeneity\tcontig_count\tgenome_size\tgtdb_genome_representative\tgtdb_representative\tgtdb_taxonomy\tsource\tpriority"
            ],
            [
                "accno\tgenome\torf"
            ],
            [
                "orf\tftype\tlength\tgene\tec_number\tcog\tproduct"
            ]
        ],
        "timestamp": "2026-09-02T08:45:08.922781044",
        "meta": {
            "nf-test": "0.9.5",
            "nextflow": "26.04.6"
        }
    }
}