{
    "-profile test_sourmash": {
        "content": [
            29,
            {
                "BBMAP_ALIGN": {
                    "bbmap": 39.18
                },
                "BBMAP_INDEX": {
                    "bbmap": 39.18
                },
                "CATPROKKATSVS": {
                    "pigz": 2.8
                },
                "CAT_FNA": {
                    "pigz": 2.6
                },
                "CAT_GFF": {
                    "pigz": 2.6
                },
                "COLLECT_FEATURECOUNTS": {
                    "R": "4.3.1",
                    "dplyr": "1.1.4",
                    "dtplyr": "1.3.2",
                    "data.table": "1.17.8"
                },
                "COLLECT_STATS": {
                    "R": "4.3.1",
                    "dplyr": "1.1.4",
                    "readr": "2.1.5",
                    "purrr": "1.1.0",
                    "tidyr": "1.3.1",
                    "stringr": "1.5.2"
                },
                "FASTQC": {
                    "fastqc": "0.12.1"
                },
                "FEATURECOUNTS": {
                    "subread": "2.1.1"
                },
                "GATHER_REMOTE_GENOMES": {
                    "sourmash": "4.9.4"
                },
                "GENOMES2ORFS": {
                    "sed": 4.9
                },
                "SAMPLE_SKETCH": {
                    "sourmash": "4.9.4"
                },
                "SAMTOOLS_FLAGSTAT": {
                    "samtools": "1.22.1"
                },
                "SAMTOOLS_IDXSTATS": {
                    "samtools": "1.22.1"
                },
                "SAMTOOLS_INDEX": {
                    "samtools": "1.22.1"
                },
                "SAMTOOLS_SORT": {
                    "samtools": "1.22.1"
                },
                "SAMTOOLS_STATS": {
                    "samtools": "1.22.1"
                },
                "TIDYVERSE_JOINMETADATA": {
                    "R": "4.3.1",
                    "readr": "2.1.5",
                    "dplyr": "1.1.4",
                    "tidyr": "1.3.1",
                    "stringr": "1.5.2"
                },
                "TRIMGALORE": {
                    "trimgalore": "0.6.10"
                },
                "WGET_GENOME": {
                    "wget": "1.21.4"
                },
                "Workflow": {
                    "nf-core/magmap": "v1.0.1dev"
                }
            },
            [
                "bbmap",
                "bbmap/logs",
                "bbmap/logs/twogenomes.bbmap.log",
                "fastqc",
                "fastqc/twogenomes_1_fastqc.html",
                "fastqc/twogenomes_2_fastqc.html",
                "featurecounts",
                "featurecounts/twogenomes.CDS.featureCounts.tsv",
                "featurecounts/twogenomes.CDS.featureCounts.tsv.summary",
                "featurecounts/twogenomes.rRNA.featureCounts.tsv",
                "featurecounts/twogenomes.rRNA.featureCounts.tsv.summary",
                "featurecounts/twogenomes.tRNA.featureCounts.tsv",
                "featurecounts/twogenomes.tRNA.featureCounts.tsv.summary",
                "multiqc",
                "multiqc/multiqc_data",
                "multiqc/multiqc_data/fastqc-status-check-heatmap.txt",
                "multiqc/multiqc_data/fastqc_overrepresented_sequences_plot.txt",
                "multiqc/multiqc_data/fastqc_per_base_n_content_plot.txt",
                "multiqc/multiqc_data/fastqc_per_base_sequence_quality_plot.txt",
                "multiqc/multiqc_data/fastqc_per_sequence_gc_content_plot_Counts.txt",
                "multiqc/multiqc_data/fastqc_per_sequence_gc_content_plot_Percentages.txt",
                "multiqc/multiqc_data/fastqc_per_sequence_quality_scores_plot.txt",
                "multiqc/multiqc_data/fastqc_sequence_counts_plot.txt",
                "multiqc/multiqc_data/fastqc_sequence_duplication_levels_plot.txt",
                "multiqc/multiqc_data/fastqc_top_overrepresented_sequences_table.txt",
                "multiqc/multiqc_data/featureCounts_assignment_plot.txt",
                "multiqc/multiqc_data/llms-full.txt",
                "multiqc/multiqc_data/multiqc.log",
                "multiqc/multiqc_data/multiqc.parquet",
                "multiqc/multiqc_data/multiqc_citations.txt",
                "multiqc/multiqc_data/multiqc_data.json",
                "multiqc/multiqc_data/multiqc_fastqc.txt",
                "multiqc/multiqc_data/multiqc_featurecounts.txt",
                "multiqc/multiqc_data/multiqc_general_stats.txt",
                "multiqc/multiqc_data/multiqc_sources.txt",
                "multiqc/multiqc_plots",
                "multiqc/multiqc_plots/pdf",
                "multiqc/multiqc_plots/pdf/fastqc-status-check-heatmap.pdf",
                "multiqc/multiqc_plots/pdf/fastqc_overrepresented_sequences_plot.pdf",
                "multiqc/multiqc_plots/pdf/fastqc_per_base_n_content_plot.pdf",
                "multiqc/multiqc_plots/pdf/fastqc_per_base_sequence_quality_plot.pdf",
                "multiqc/multiqc_plots/pdf/fastqc_per_sequence_gc_content_plot_Counts.pdf",
                "multiqc/multiqc_plots/pdf/fastqc_per_sequence_gc_content_plot_Percentages.pdf",
                "multiqc/multiqc_plots/pdf/fastqc_per_sequence_quality_scores_plot.pdf",
                "multiqc/multiqc_plots/pdf/fastqc_sequence_counts_plot-cnt.pdf",
                "multiqc/multiqc_plots/pdf/fastqc_sequence_counts_plot-pct.pdf",
                "multiqc/multiqc_plots/pdf/fastqc_sequence_duplication_levels_plot.pdf",
                "multiqc/multiqc_plots/pdf/fastqc_top_overrepresented_sequences_table.pdf",
                "multiqc/multiqc_plots/pdf/featureCounts_assignment_plot-cnt.pdf",
                "multiqc/multiqc_plots/pdf/featureCounts_assignment_plot-pct.pdf",
                "multiqc/multiqc_plots/png",
                "multiqc/multiqc_plots/png/fastqc-status-check-heatmap.png",
                "multiqc/multiqc_plots/png/fastqc_overrepresented_sequences_plot.png",
                "multiqc/multiqc_plots/png/fastqc_per_base_n_content_plot.png",
                "multiqc/multiqc_plots/png/fastqc_per_base_sequence_quality_plot.png",
                "multiqc/multiqc_plots/png/fastqc_per_sequence_gc_content_plot_Counts.png",
                "multiqc/multiqc_plots/png/fastqc_per_sequence_gc_content_plot_Percentages.png",
                "multiqc/multiqc_plots/png/fastqc_per_sequence_quality_scores_plot.png",
                "multiqc/multiqc_plots/png/fastqc_sequence_counts_plot-cnt.png",
                "multiqc/multiqc_plots/png/fastqc_sequence_counts_plot-pct.png",
                "multiqc/multiqc_plots/png/fastqc_sequence_duplication_levels_plot.png",
                "multiqc/multiqc_plots/png/fastqc_top_overrepresented_sequences_table.png",
                "multiqc/multiqc_plots/png/featureCounts_assignment_plot-cnt.png",
                "multiqc/multiqc_plots/png/featureCounts_assignment_plot-pct.png",
                "multiqc/multiqc_plots/svg",
                "multiqc/multiqc_plots/svg/fastqc-status-check-heatmap.svg",
                "multiqc/multiqc_plots/svg/fastqc_overrepresented_sequences_plot.svg",
                "multiqc/multiqc_plots/svg/fastqc_per_base_n_content_plot.svg",
                "multiqc/multiqc_plots/svg/fastqc_per_base_sequence_quality_plot.svg",
                "multiqc/multiqc_plots/svg/fastqc_per_sequence_gc_content_plot_Counts.svg",
                "multiqc/multiqc_plots/svg/fastqc_per_sequence_gc_content_plot_Percentages.svg",
                "multiqc/multiqc_plots/svg/fastqc_per_sequence_quality_scores_plot.svg",
                "multiqc/multiqc_plots/svg/fastqc_sequence_counts_plot-cnt.svg",
                "multiqc/multiqc_plots/svg/fastqc_sequence_counts_plot-pct.svg",
                "multiqc/multiqc_plots/svg/fastqc_sequence_duplication_levels_plot.svg",
                "multiqc/multiqc_plots/svg/fastqc_top_overrepresented_sequences_table.svg",
                "multiqc/multiqc_plots/svg/featureCounts_assignment_plot-cnt.svg",
                "multiqc/multiqc_plots/svg/featureCounts_assignment_plot-pct.svg",
                "multiqc/multiqc_report.html",
                "pipeline_info",
                "pipeline_info/nf_core_magmap_software_mqc_versions.yml",
                "samtools",
                "samtools/twogenomes.flagstat",
                "samtools/twogenomes.idxstats",
                "samtools/twogenomes.stats",
                "sourmash",
                "sourmash/twogenomes.sig",
                "sourmash/twogenomes_remoteidx_00.csv.gz",
                "sourmash/twogenomes_remoteidx_00_matches.sig.zip",
                "sourmash/twogenomes_remoteidx_00_prefetch.csv.gz",
                "sourmash/twogenomes_remoteidx_00_prefetch.sig.zip",
                "sourmash/twogenomes_remoteidx_00_unassigned.sig.zip",
                "summary_tables",
                "summary_tables/magmap.CDS.counts.tsv.gz",
                "summary_tables/magmap.genome_metadata.tsv.gz",
                "summary_tables/magmap.genomes2orfs.tsv.gz",
                "summary_tables/magmap.overall_stats.tsv.gz",
                "summary_tables/magmap.prokka-annotations.tsv.gz",
                "summary_tables/magmap.rRNA.counts.tsv.gz",
                "summary_tables/magmap.tRNA.counts.tsv.gz",
                "trimgalore",
                "trimgalore/fastqc",
                "trimgalore/fastqc/twogenomes_1_val_1_fastqc.html",
                "trimgalore/fastqc/twogenomes_2_val_2_fastqc.html",
                "trimgalore/twogenomes_1.fastq.gz_trimming_report.txt",
                "trimgalore/twogenomes_2.fastq.gz_trimming_report.txt"
            ],
            [
                "fastqc-status-check-heatmap.txt:md5,70ed9ef993739bd34d6ea747c029a689",
                "fastqc_overrepresented_sequences_plot.txt:md5,1f8af0edd58b35ba9d4b1716126dd8a0",
                "fastqc_per_base_n_content_plot.txt:md5,c83f36136b5f03ebfef8468fedd04412",
                "fastqc_per_base_sequence_quality_plot.txt:md5,879e624e916825af4f781220c6dca276",
                "fastqc_per_sequence_gc_content_plot_Counts.txt:md5,0e0c14fba40c5061784d92e0cdbaa03a",
                "fastqc_per_sequence_gc_content_plot_Percentages.txt:md5,5e8269f5999b15365ec7012f950fac7d",
                "fastqc_per_sequence_quality_scores_plot.txt:md5,08e728f0354b4b7f183a81169d2b3372",
                "fastqc_sequence_counts_plot.txt:md5,cf8245d83b22b287c62afe81858307d0",
                "fastqc_sequence_duplication_levels_plot.txt:md5,52f0d76b9402209b4b14a9b0cfdd3d5a",
                "featureCounts_assignment_plot.txt:md5,cb01ab87a740612879569eac68010610",
                "multiqc_citations.txt:md5,31ebda00f4c076224028ba5760113b5f",
                "multiqc_fastqc.txt:md5,eea16e7b30fc1eb5d23ee84e07789332",
                "multiqc_featurecounts.txt:md5,86a43e2bba623046c565e839b778db57",
                "twogenomes.sig:md5,e232d8ad70d3a5608845b5cb56d51106",
                "twogenomes_remoteidx_00.csv.gz:md5,64854a1b8cfb433bed72a43dd642fb5c",
                "twogenomes_remoteidx_00_prefetch.csv.gz:md5,b718cac0aa924d280b5d0de1b4262c64"
            ],
            [
                "sample\tn_post_trimming\tidxs_n_mapped\tidxs_n_unmapped\tCDS\ttRNA"
            ],
            2,
            [
                "accno\torf\tchr\tstart\tend\tstrand\tlength\tsample\tcount\ttpm"
            ],
            [
                "accno\torf\tchr\tstart\tend\tstrand\tlength\tsample\tcount\ttpm"
            ],
            [
                "accno\torf\tchr\tstart\tend\tstrand\tlength\tsample\tcount\ttpm"
            ],
            [
                "accno\tcheckm_completeness\tcheckm_contamination\tcheckm_strain_heterogeneity\tcontig_count\tgenome_size\tgtdb_genome_representative\tgtdb_representative\tgtdb_taxonomy\tsource\tpriority"
            ],
            [
                "GCA_009777615.1\tNA\tNA\tNA\tNA\tNA\tNA\tNA\tNA\tNA\tNA"
            ],
            [
                "accno\tgenome\torf"
            ],
            [
                "orf\tftype\tlength\tgene\tec_number\tcog\tproduct"
            ]
        ],
        "timestamp": "2026-03-26T06:40:29.568802585",
        "meta": {
            "nf-test": "0.9.4",
            "nextflow": "25.10.4"
        }
    }
}