{
    "-profile test_sourmash": {
        "content": [
            30,
            null,
            [
                "bbmap",
                "bbmap/logs",
                "bbmap/logs/twogenomes.bbmap.log",
                "fastqc",
                "fastqc/twogenomes_1_fastqc.html",
                "fastqc/twogenomes_2_fastqc.html",
                "featurecounts",
                "featurecounts/twogenomes.CDS.featureCounts.tsv",
                "featurecounts/twogenomes.CDS.featureCounts.tsv.summary",
                "featurecounts/twogenomes.rRNA.featureCounts.tsv",
                "featurecounts/twogenomes.rRNA.featureCounts.tsv.summary",
                "featurecounts/twogenomes.tRNA.featureCounts.tsv",
                "featurecounts/twogenomes.tRNA.featureCounts.tsv.summary",
                "multiqc",
                "multiqc/multiqc_data",
                "multiqc/multiqc_data/cutadapt_filtered_reads_plot.txt",
                "multiqc/multiqc_data/cutadapt_trimmed_sequences_plot_3_Counts.txt",
                "multiqc/multiqc_data/cutadapt_trimmed_sequences_plot_3_Obs_Exp.txt",
                "multiqc/multiqc_data/fastqc-status-check-heatmap.txt",
                "multiqc/multiqc_data/fastqc_overrepresented_sequences_plot.txt",
                "multiqc/multiqc_data/fastqc_per_base_n_content_plot.txt",
                "multiqc/multiqc_data/fastqc_per_base_sequence_quality_plot.txt",
                "multiqc/multiqc_data/fastqc_per_sequence_gc_content_plot_Counts.txt",
                "multiqc/multiqc_data/fastqc_per_sequence_gc_content_plot_Percentages.txt",
                "multiqc/multiqc_data/fastqc_per_sequence_quality_scores_plot.txt",
                "multiqc/multiqc_data/fastqc_sequence_counts_plot.txt",
                "multiqc/multiqc_data/fastqc_sequence_duplication_levels_plot.txt",
                "multiqc/multiqc_data/fastqc_top_overrepresented_sequences_table.txt",
                "multiqc/multiqc_data/featureCounts_assignment_plot.txt",
                "multiqc/multiqc_data/llms-full.txt",
                "multiqc/multiqc_data/multiqc.log",
                "multiqc/multiqc_data/multiqc.parquet",
                "multiqc/multiqc_data/multiqc_citations.txt",
                "multiqc/multiqc_data/multiqc_cutadapt.txt",
                "multiqc/multiqc_data/multiqc_data.json",
                "multiqc/multiqc_data/multiqc_fastqc.txt",
                "multiqc/multiqc_data/multiqc_featurecounts.txt",
                "multiqc/multiqc_data/multiqc_general_stats.txt",
                "multiqc/multiqc_data/multiqc_samtools_flagstat.txt",
                "multiqc/multiqc_data/multiqc_samtools_idxstats.txt",
                "multiqc/multiqc_data/multiqc_samtools_stats.txt",
                "multiqc/multiqc_data/multiqc_software_versions.txt",
                "multiqc/multiqc_data/multiqc_sources.txt",
                "multiqc/multiqc_data/samtools-flagstat-pct-table.txt",
                "multiqc/multiqc_data/samtools-flagstat-table.txt",
                "multiqc/multiqc_data/samtools-idxstats-mapped-reads-plot_Normalised_Counts.txt",
                "multiqc/multiqc_data/samtools-idxstats-mapped-reads-plot_Observed_over_Expected_Counts.txt",
                "multiqc/multiqc_data/samtools-idxstats-mapped-reads-plot_Raw_Counts.txt",
                "multiqc/multiqc_data/samtools-stats-dp.txt",
                "multiqc/multiqc_data/samtools_alignment_plot.txt",
                "multiqc/multiqc_report.html",
                "pipeline_info",
                "samtools",
                "samtools/twogenomes.flagstat",
                "samtools/twogenomes.idxstats",
                "samtools/twogenomes.stats",
                "sourmash",
                "sourmash/twogenomes.sig",
                "sourmash/twogenomes_remoteidx_00.csv.gz",
                "sourmash/twogenomes_remoteidx_00_matches.sig.zip",
                "sourmash/twogenomes_remoteidx_00_prefetch.csv.gz",
                "sourmash/twogenomes_remoteidx_00_prefetch.sig.zip",
                "sourmash/twogenomes_remoteidx_00_unassigned.sig.zip",
                "sourmash/twogenomes_remoteidx_01_matches.sig.zip",
                "sourmash/twogenomes_remoteidx_01_prefetch.csv.gz",
                "sourmash/twogenomes_remoteidx_01_prefetch.sig.zip",
                "sourmash/twogenomes_remoteidx_01_unassigned.sig.zip",
                "summary_tables",
                "summary_tables/magmap.CDS.counts.tsv.gz",
                "summary_tables/magmap.genome_metadata.tsv.gz",
                "summary_tables/magmap.genomes2orfs.tsv.gz",
                "summary_tables/magmap.overall_stats.tsv.gz",
                "summary_tables/magmap.prokka-annotations.tsv.gz",
                "summary_tables/magmap.rRNA.counts.tsv.gz",
                "summary_tables/magmap.tRNA.counts.tsv.gz",
                "trimgalore",
                "trimgalore/fastqc",
                "trimgalore/fastqc/twogenomes_1_val_1_fastqc.html",
                "trimgalore/fastqc/twogenomes_2_val_2_fastqc.html",
                "trimgalore/twogenomes_1.fastq.gz_trimming_report.txt",
                "trimgalore/twogenomes_2.fastq.gz_trimming_report.txt"
            ],
            [
                "cutadapt_filtered_reads_plot.txt:md5,f6de1b22e1bda5aee06cf74fc12a97f4",
                "cutadapt_trimmed_sequences_plot_3_Counts.txt:md5,0ca0130aa831c57cc5be4945b2bda45d",
                "cutadapt_trimmed_sequences_plot_3_Obs_Exp.txt:md5,d4298ea2f1cfb100a8259538b70f3e77",
                "fastqc-status-check-heatmap.txt:md5,70ed9ef993739bd34d6ea747c029a689",
                "fastqc_overrepresented_sequences_plot.txt:md5,1f8af0edd58b35ba9d4b1716126dd8a0",
                "fastqc_per_base_n_content_plot.txt:md5,c83f36136b5f03ebfef8468fedd04412",
                "fastqc_per_base_sequence_quality_plot.txt:md5,879e624e916825af4f781220c6dca276",
                "fastqc_per_sequence_gc_content_plot_Counts.txt:md5,0e0c14fba40c5061784d92e0cdbaa03a",
                "fastqc_per_sequence_gc_content_plot_Percentages.txt:md5,5e8269f5999b15365ec7012f950fac7d",
                "fastqc_per_sequence_quality_scores_plot.txt:md5,08e728f0354b4b7f183a81169d2b3372",
                "fastqc_sequence_counts_plot.txt:md5,cf8245d83b22b287c62afe81858307d0",
                "fastqc_sequence_duplication_levels_plot.txt:md5,52f0d76b9402209b4b14a9b0cfdd3d5a",
                "featureCounts_assignment_plot.txt:md5,cb01ab87a740612879569eac68010610",
                "multiqc_citations.txt:md5,4d643a8c42f203f85beaab8f35ba8a66",
                "multiqc_cutadapt.txt:md5,86150d8483229154f1ebb8ef7953076d",
                "multiqc_fastqc.txt:md5,eea16e7b30fc1eb5d23ee84e07789332",
                "multiqc_featurecounts.txt:md5,86a43e2bba623046c565e839b778db57",
                "multiqc_samtools_flagstat.txt:md5,653474d6511a24aa02331125baf839d0",
                "multiqc_samtools_idxstats.txt:md5,1647f33f0be75fd0b0065c55db52ac25",
                "multiqc_samtools_stats.txt:md5,256e323e554df6a7c1ad6df165f97179",
                "samtools-flagstat-pct-table.txt:md5,38914d9a7684bec962812fcda00f11c3",
                "samtools-flagstat-table.txt:md5,cfd04d5b30621b04e7b767a69a09354b",
                "samtools-idxstats-mapped-reads-plot_Normalised_Counts.txt:md5,8f5f53d93e167e32121a612f877f800f",
                "samtools-idxstats-mapped-reads-plot_Observed_over_Expected_Counts.txt:md5,f7b99df9faa2878741f4ce059fee7123",
                "samtools-idxstats-mapped-reads-plot_Raw_Counts.txt:md5,c3cbc88395d5feb7d689bb42f3df2ae9",
                "samtools-stats-dp.txt:md5,5ba41b1aff36df2959c8650833570af8",
                "samtools_alignment_plot.txt:md5,6cda162642cea2a5401f5cb9a362e2b5"
            ],
            [
                "sample\tn_post_trimming\tidxs_n_mapped\tidxs_n_unmapped\tCDS\ttRNA"
            ],
            2,
            [
                "accno\torf\tchr\tstart\tend\tstrand\tlength\tsample\tcount\ttpm"
            ],
            [
                "accno\torf\tchr\tstart\tend\tstrand\tlength\tsample\tcount\ttpm"
            ],
            [
                "accno\torf\tchr\tstart\tend\tstrand\tlength\tsample\tcount\ttpm"
            ],
            [
                "accno\tcheckm_completeness\tcheckm_contamination\tcheckm_strain_heterogeneity\tcontig_count\tgenome_size\tgtdb_genome_representative\tgtdb_representative\tgtdb_taxonomy\tsource\tpriority"
            ],
            [
                "GCA_009777615.1\tNA\tNA\tNA\tNA\tNA\tNA\tNA\tNA\tNA\tNA"
            ],
            [
                "accno\tgenome\torf"
            ],
            [
                "orf\tftype\tlength\tgene\tec_number\tcog\tproduct"
            ]
        ],
        "meta": {
            "nf-test": "0.9.2",
            "nextflow": "26.04.1"
        },
        "timestamp": "2026-05-15T22:52:47.806026"
    }
}