{
    "-profile test_sourmash": {
        "content": [
            31,
            {
                "BBMAP_ALIGN": {
                    "bbmap": 39.18,
                    "samtools": 1.21,
                    "pigz": 2.8
                },
                "BBMAP_INDEX": {
                    "bbmap": 39.18
                },
                "CAT_FNA": {
                    "pigz": 2.6
                },
                "CAT_GFF": {
                    "pigz": 2.6
                },
                "COLLECT_FEATURECOUNTS": {
                    "R": "4.3.1",
                    "dplyr": "1.1.4",
                    "dtplyr": "1.3.2",
                    "data.table": "1.17.8"
                },
                "COLLECT_STATS": {
                    "R": "4.3.1",
                    "dplyr": "1.1.4",
                    "readr": "2.1.5",
                    "purrr": "1.1.0",
                    "tidyr": "1.3.1",
                    "stringr": "1.5.2"
                },
                "FASTQC": {
                    "fastqc": "0.12.1"
                },
                "FEATURECOUNTS": {
                    "subread": "2.0.6"
                },
                "GENOMES2ORFS": {
                    "sed": 4.9
                },
                "GUNZIP_CONTIGS": {
                    "pigz": 2.8
                },
                "PROKKA": {
                    "prokka": "1.14.6"
                },
                "PROKKAGFF2TSV": {
                    "R": "4.3.1",
                    "data.table": "1.17.8",
                    "dtplyr": "1.3.2",
                    "dplyr": "1.1.4",
                    "tidyr": "1.3.1",
                    "readr": "2.1.5"
                },
                "SAMPLE_SKETCH": {
                    "sourmash": "4.9.4"
                },
                "SAMTOOLS_FLAGSTAT": {
                    "samtools": "1.22.1"
                },
                "SAMTOOLS_IDXSTATS": {
                    "samtools": "1.22.1"
                },
                "SAMTOOLS_INDEX": {
                    "samtools": "1.22.1"
                },
                "SAMTOOLS_SORT": {
                    "samtools": "1.22.1"
                },
                "SAMTOOLS_STATS": {
                    "samtools": "1.22.1"
                },
                "SOURMASH_GATHER": {
                    "sourmash": "4.9.4"
                },
                "TIDYVERSE_JOINMETADATA": {
                    "R": "4.3.1",
                    "readr": "2.1.5",
                    "dplyr": "1.1.4",
                    "tidyr": "1.3.1",
                    "stringr": "1.5.2"
                },
                "TRIMGALORE": {
                    "trimgalore": "0.6.10",
                    "cutadapt": 4.9,
                    "pigz": 2.8
                },
                "WGET_GENOME": {
                    "wget": "1.21.4"
                },
                "Workflow": {
                    "nf-core/magmap": "v1.0.0"
                }
            },
            [
                "bbmap",
                "bbmap/logs",
                "bbmap/logs/twogenomes.bbmap.log",
                "fastqc",
                "fastqc/twogenomes_1_fastqc.html",
                "fastqc/twogenomes_2_fastqc.html",
                "featurecounts",
                "featurecounts/twogenomes.CDS.featureCounts.tsv",
                "featurecounts/twogenomes.CDS.featureCounts.tsv.summary",
                "featurecounts/twogenomes.rRNA.featureCounts.tsv",
                "featurecounts/twogenomes.rRNA.featureCounts.tsv.summary",
                "featurecounts/twogenomes.tRNA.featureCounts.tsv",
                "featurecounts/twogenomes.tRNA.featureCounts.tsv.summary",
                "multiqc",
                "multiqc/multiqc_data",
                "multiqc/multiqc_data/fastqc-status-check-heatmap.txt",
                "multiqc/multiqc_data/fastqc_overrepresented_sequences_plot.txt",
                "multiqc/multiqc_data/fastqc_per_base_n_content_plot.txt",
                "multiqc/multiqc_data/fastqc_per_base_sequence_quality_plot.txt",
                "multiqc/multiqc_data/fastqc_per_sequence_gc_content_plot_Counts.txt",
                "multiqc/multiqc_data/fastqc_per_sequence_gc_content_plot_Percentages.txt",
                "multiqc/multiqc_data/fastqc_per_sequence_quality_scores_plot.txt",
                "multiqc/multiqc_data/fastqc_sequence_counts_plot.txt",
                "multiqc/multiqc_data/fastqc_sequence_duplication_levels_plot.txt",
                "multiqc/multiqc_data/fastqc_top_overrepresented_sequences_table.txt",
                "multiqc/multiqc_data/llms-full.txt",
                "multiqc/multiqc_data/multiqc.log",
                "multiqc/multiqc_data/multiqc.parquet",
                "multiqc/multiqc_data/multiqc_citations.txt",
                "multiqc/multiqc_data/multiqc_data.json",
                "multiqc/multiqc_data/multiqc_fastqc.txt",
                "multiqc/multiqc_data/multiqc_general_stats.txt",
                "multiqc/multiqc_data/multiqc_software_versions.txt",
                "multiqc/multiqc_data/multiqc_sources.txt",
                "multiqc/multiqc_plots",
                "multiqc/multiqc_plots/pdf",
                "multiqc/multiqc_plots/pdf/fastqc-status-check-heatmap.pdf",
                "multiqc/multiqc_plots/pdf/fastqc_overrepresented_sequences_plot.pdf",
                "multiqc/multiqc_plots/pdf/fastqc_per_base_n_content_plot.pdf",
                "multiqc/multiqc_plots/pdf/fastqc_per_base_sequence_quality_plot.pdf",
                "multiqc/multiqc_plots/pdf/fastqc_per_sequence_gc_content_plot_Counts.pdf",
                "multiqc/multiqc_plots/pdf/fastqc_per_sequence_gc_content_plot_Percentages.pdf",
                "multiqc/multiqc_plots/pdf/fastqc_per_sequence_quality_scores_plot.pdf",
                "multiqc/multiqc_plots/pdf/fastqc_sequence_counts_plot-cnt.pdf",
                "multiqc/multiqc_plots/pdf/fastqc_sequence_counts_plot-pct.pdf",
                "multiqc/multiqc_plots/pdf/fastqc_sequence_duplication_levels_plot.pdf",
                "multiqc/multiqc_plots/pdf/fastqc_top_overrepresented_sequences_table.pdf",
                "multiqc/multiqc_plots/png",
                "multiqc/multiqc_plots/png/fastqc-status-check-heatmap.png",
                "multiqc/multiqc_plots/png/fastqc_overrepresented_sequences_plot.png",
                "multiqc/multiqc_plots/png/fastqc_per_base_n_content_plot.png",
                "multiqc/multiqc_plots/png/fastqc_per_base_sequence_quality_plot.png",
                "multiqc/multiqc_plots/png/fastqc_per_sequence_gc_content_plot_Counts.png",
                "multiqc/multiqc_plots/png/fastqc_per_sequence_gc_content_plot_Percentages.png",
                "multiqc/multiqc_plots/png/fastqc_per_sequence_quality_scores_plot.png",
                "multiqc/multiqc_plots/png/fastqc_sequence_counts_plot-cnt.png",
                "multiqc/multiqc_plots/png/fastqc_sequence_counts_plot-pct.png",
                "multiqc/multiqc_plots/png/fastqc_sequence_duplication_levels_plot.png",
                "multiqc/multiqc_plots/png/fastqc_top_overrepresented_sequences_table.png",
                "multiqc/multiqc_plots/svg",
                "multiqc/multiqc_plots/svg/fastqc-status-check-heatmap.svg",
                "multiqc/multiqc_plots/svg/fastqc_overrepresented_sequences_plot.svg",
                "multiqc/multiqc_plots/svg/fastqc_per_base_n_content_plot.svg",
                "multiqc/multiqc_plots/svg/fastqc_per_base_sequence_quality_plot.svg",
                "multiqc/multiqc_plots/svg/fastqc_per_sequence_gc_content_plot_Counts.svg",
                "multiqc/multiqc_plots/svg/fastqc_per_sequence_gc_content_plot_Percentages.svg",
                "multiqc/multiqc_plots/svg/fastqc_per_sequence_quality_scores_plot.svg",
                "multiqc/multiqc_plots/svg/fastqc_sequence_counts_plot-cnt.svg",
                "multiqc/multiqc_plots/svg/fastqc_sequence_counts_plot-pct.svg",
                "multiqc/multiqc_plots/svg/fastqc_sequence_duplication_levels_plot.svg",
                "multiqc/multiqc_plots/svg/fastqc_top_overrepresented_sequences_table.svg",
                "multiqc/multiqc_report.html",
                "pipeline_info",
                "pipeline_info/nf_core_magmap_software_mqc_versions.yml",
                "summary_tables",
                "summary_tables/magmap.CDS.counts.tsv.gz",
                "summary_tables/magmap.genome_metadata.tsv.gz",
                "summary_tables/magmap.genomes2orfs.tsv.gz",
                "summary_tables/magmap.overall_stats.tsv.gz",
                "summary_tables/magmap.prokka-annotations.tsv.gz",
                "summary_tables/magmap.rRNA.counts.tsv.gz",
                "summary_tables/magmap.tRNA.counts.tsv.gz",
                "trimgalore",
                "trimgalore/fastqc",
                "trimgalore/fastqc/twogenomes_1_val_1_fastqc.html",
                "trimgalore/fastqc/twogenomes_2_val_2_fastqc.html",
                "trimgalore/twogenomes_1.fastq.gz_trimming_report.txt",
                "trimgalore/twogenomes_2.fastq.gz_trimming_report.txt"
            ],
            [
                "fastqc-status-check-heatmap.txt:md5,70ed9ef993739bd34d6ea747c029a689",
                "fastqc_overrepresented_sequences_plot.txt:md5,1f8af0edd58b35ba9d4b1716126dd8a0",
                "fastqc_per_base_n_content_plot.txt:md5,c83f36136b5f03ebfef8468fedd04412",
                "fastqc_per_base_sequence_quality_plot.txt:md5,879e624e916825af4f781220c6dca276",
                "fastqc_per_sequence_gc_content_plot_Counts.txt:md5,0e0c14fba40c5061784d92e0cdbaa03a",
                "fastqc_per_sequence_gc_content_plot_Percentages.txt:md5,5e8269f5999b15365ec7012f950fac7d",
                "fastqc_per_sequence_quality_scores_plot.txt:md5,08e728f0354b4b7f183a81169d2b3372",
                "fastqc_sequence_counts_plot.txt:md5,cf8245d83b22b287c62afe81858307d0",
                "fastqc_sequence_duplication_levels_plot.txt:md5,52f0d76b9402209b4b14a9b0cfdd3d5a",
                "multiqc_citations.txt:md5,4c806e63a283ec1b7e78cdae3a923d4f",
                "multiqc_fastqc.txt:md5,eea16e7b30fc1eb5d23ee84e07789332"
            ],
            [
                "sample\tn_post_trimming\tidxs_n_mapped\tidxs_n_unmapped\tCDS\ttRNA"
            ],
            2,
            [
                "orf\tchr\tstart\tend\tstrand\tlength\tsample\tcount\ttpm"
            ],
            [
                "orf\tchr\tstart\tend\tstrand\tlength\tsample\tcount\ttpm"
            ],
            [
                "orf\tchr\tstart\tend\tstrand\tlength\tsample\tcount\ttpm"
            ],
            [
                "accno\tcheckm_completeness\tcheckm_contamination\tcheckm_strain_heterogeneity\tcontig_count\tgenome_size\tgtdb_genome_representative\tgtdb_representative\tgtdb_taxonomy\tsource\tpriority"
            ],
            [
                "GCA_009777615.1\tNA\tNA\tNA\tNA\tNA\tNA\tNA\tNA\tNA\tNA"
            ],
            [
                "accno\tgenome\torf"
            ],
            [
                "orf\tcontig\tgene_caller\tfeature\tstart\tend\tstrand\tdb_xref\tec_number\tgene\tinference\tlocus_tag\tname\tnote\tparent\tproduct\tprotein_id\trpt_family\trpt_type\trpt_unit_seq"
            ]
        ],
        "meta": {
            "nf-test": "0.9.2",
            "nextflow": "25.04.7"
        },
        "timestamp": "2025-10-06T12:06:50.645880552"
    }
}