{
    "inline genome - fna.gz, gff3.gz": {
        "content": [
            {
                "bed": [
                    
                ],
                "gffread_fasta": [
                    [
                        {
                            "id": "test"
                        },
                        "test.proteins.fasta:md5,3a4939a2226d9cb465947fc1258b9400"
                    ]
                ],
                "gffread_gff": [
                    
                ],
                "gtf": [
                    
                ],
                "versions_gffread": [
                    [
                        "GFFREAD",
                        "gffread",
                        "0.12.7"
                    ]
                ]
            }
        ],
        "timestamp": "2026-10-02T07:15:43.04164992",
        "meta": {
            "nf-test": "0.9.4",
            "nextflow": "26.04.6"
        }
    },
    "inline genome - fna, gff3": {
        "content": [
            {
                "bed": [
                    
                ],
                "gffread_fasta": [
                    [
                        {
                            "id": "test"
                        },
                        "test.proteins.fasta:md5,3a4939a2226d9cb465947fc1258b9400"
                    ]
                ],
                "gffread_gff": [
                    
                ],
                "gtf": [
                    
                ],
                "versions_gffread": [
                    [
                        "GFFREAD",
                        "gffread",
                        "0.12.7"
                    ]
                ]
            }
        ],
        "timestamp": "2026-10-02T07:15:36.262944398",
        "meta": {
            "nf-test": "0.9.4",
            "nextflow": "26.04.6"
        }
    }
}